###############################################################################
#
# IAR ELF Linker V9.70.1.475/W64 for ARM                  18/Jul/2025  19:43:28
# Copyright 2007-2025 IAR Systems AB.
#
#    Output file                  =
#        D:\Embedded\Projects\OpenSource\MC80\MC80_4DC\Out\Exe\MC80_4DC.out
#    Map file                     =
#        D:\Embedded\Projects\OpenSource\MC80\MC80_4DC\Out\List\MC80_4DC.map
#    Import CMSE library file out =
#        D:\Embedded\Projects\OpenSource\MC80\MC80_4DC\Out\Exe\Test_Project_import_lib.o
#    Command line                 =
#        -f
#        D:\Embedded\Projects\OpenSource\MC80\MC80_4DC\Out\Exe\MC80_4DC.out.rsp
#        (D:\Embedded\Projects\OpenSource\MC80\MC80_4DC\Out\Obj\Chip_9605853855409835548.dir\ADC_driver.o
#        D:\Embedded\Projects\OpenSource\MC80\MC80_4DC\Out\Obj\Utils_15182727763266825049.dir\App_utils.o
#        D:\Embedded\Projects\OpenSource\MC80\MC80_4DC\Out\Obj\all_4256215350078603468.dir\bsp_clocks.o
#        D:\Embedded\Projects\OpenSource\MC80\MC80_4DC\Out\Obj\all_4256215350078603468.dir\bsp_common.o
#        D:\Embedded\Projects\OpenSource\MC80\MC80_4DC\Out\Obj\all_4256215350078603468.dir\bsp_delay.o
#        D:\Embedded\Projects\OpenSource\MC80\MC80_4DC\Out\Obj\all_4256215350078603468.dir\bsp_group_irq.o
#        D:\Embedded\Projects\OpenSource\MC80\MC80_4DC\Out\Obj\all_4256215350078603468.dir\bsp_guard.o
#        D:\Embedded\Projects\OpenSource\MC80\MC80_4DC\Out\Obj\all_4256215350078603468.dir\bsp_io.o
#        D:\Embedded\Projects\OpenSource\MC80\MC80_4DC\Out\Obj\all_4256215350078603468.dir\bsp_irq.o
#        D:\Embedded\Projects\OpenSource\MC80\MC80_4DC\Out\Obj\all_4256215350078603468.dir\bsp_macl.o
#        D:\Embedded\Projects\OpenSource\MC80\MC80_4DC\Out\Obj\all_4256215350078603468.dir\bsp_register_protection.o
#        D:\Embedded\Projects\OpenSource\MC80\MC80_4DC\Out\Obj\all_4256215350078603468.dir\bsp_rom_registers.o
#        D:\Embedded\Projects\OpenSource\MC80\MC80_4DC\Out\Obj\all_4256215350078603468.dir\bsp_sbrk.o
#        D:\Embedded\Projects\OpenSource\MC80\MC80_4DC\Out\Obj\all_4256215350078603468.dir\bsp_sdram.o
#        D:\Embedded\Projects\OpenSource\MC80\MC80_4DC\Out\Obj\all_4256215350078603468.dir\bsp_security.o
#        D:\Embedded\Projects\OpenSource\MC80\MC80_4DC\Out\Obj\src_2581203877044337686.dir\Build_date_time.o
#        D:\Embedded\Projects\OpenSource\MC80\MC80_4DC\Out\Obj\CAN_17092038130767105546.dir\CAN_message_handler.o
#        D:\Embedded\Projects\OpenSource\MC80\MC80_4DC\Out\Obj\CAN_17092038130767105546.dir\CAN_parameter_exchange.o
#        D:\Embedded\Projects\OpenSource\MC80\MC80_4DC\Out\Obj\CAN_17092038130767105546.dir\CAN_task.o
#        D:\Embedded\Projects\OpenSource\MC80\MC80_4DC\Out\Obj\primitive_258124309614958849.dir\change_endian_long.o
#        D:\Embedded\Projects\OpenSource\MC80\MC80_4DC\Out\Obj\ra_gen_3561443231710717549.dir\common_data.o
#        D:\Embedded\Projects\OpenSource\MC80\MC80_4DC\Out\Obj\Compressors_18182128302871310480.dir\compress_io.o
#        D:\Embedded\Projects\OpenSource\MC80\MC80_4DC\Out\Obj\Compressors_18182128302871310480.dir\compressors.o
#        D:\Embedded\Projects\OpenSource\MC80\MC80_4DC\Out\Obj\Utils_15182727763266825049.dir\CRC_utils.o
#        D:\Embedded\Projects\OpenSource\MC80\MC80_4DC\Out\Obj\primitive_258124309614958849.dir\DomainParams.o
#        D:\Embedded\Projects\OpenSource\MC80\MC80_4DC\Out\Obj\Utils_15182727763266825049.dir\DSP_Filters.o
#        D:\Embedded\Projects\OpenSource\MC80\MC80_4DC\Out\Obj\ra_gen_3561443231710717549.dir\elc_data.o
#        D:\Embedded\Projects\OpenSource\MC80\MC80_4DC\Out\Obj\Chip_9605853855409835548.dir\Flash_driver.o
#        D:\Embedded\Projects\OpenSource\MC80\MC80_4DC\Out\Obj\FreeMaster_5044234217007666174.dir\freemaster_appcmd.o
#        D:\Embedded\Projects\OpenSource\MC80\MC80_4DC\Out\Obj\FreeMaster_5044234217007666174.dir\FreeMaster_command_handler.o
#        D:\Embedded\Projects\OpenSource\MC80\MC80_4DC\Out\Obj\FreeMaster_5044234217007666174.dir\freemaster_net.o
#        D:\Embedded\Projects\OpenSource\MC80\MC80_4DC\Out\Obj\FreeMaster_5044234217007666174.dir\freemaster_netx_tcp.o
#        D:\Embedded\Projects\OpenSource\MC80\MC80_4DC\Out\Obj\FreeMaster_5044234217007666174.dir\freemaster_pipes.o
#        D:\Embedded\Projects\OpenSource\MC80\MC80_4DC\Out\Obj\FreeMaster_5044234217007666174.dir\freemaster_protocol.o
#        D:\Embedded\Projects\OpenSource\MC80\MC80_4DC\Out\Obj\FreeMaster_5044234217007666174.dir\freemaster_rec.o
#        D:\Embedded\Projects\OpenSource\MC80\MC80_4DC\Out\Obj\FreeMaster_5044234217007666174.dir\freemaster_scope.o
#        D:\Embedded\Projects\OpenSource\MC80\MC80_4DC\Out\Obj\FreeMaster_5044234217007666174.dir\freemaster_serial.o
#        D:\Embedded\Projects\OpenSource\MC80\MC80_4DC\Out\Obj\FreeMaster_5044234217007666174.dir\freemaster_sha.o
#        D:\Embedded\Projects\OpenSource\MC80\MC80_4DC\Out\Obj\FreeMaster_5044234217007666174.dir\FreeMaster_thread.o
#        D:\Embedded\Projects\OpenSource\MC80\MC80_4DC\Out\Obj\FreeMaster_5044234217007666174.dir\freemaster_tsa.o
#        D:\Embedded\Projects\OpenSource\MC80\MC80_4DC\Out\Obj\FreeMaster_5044234217007666174.dir\freemaster_ures.o
#        D:\Embedded\Projects\OpenSource\MC80\MC80_4DC\Out\Obj\FreeMaster_5044234217007666174.dir\FreeMaster_USB_drv.o
#        D:\Embedded\Projects\OpenSource\MC80\MC80_4DC\Out\Obj\FreeMaster_5044234217007666174.dir\freemaster_utils.o
#        D:\Embedded\Projects\OpenSource\MC80\MC80_4DC\Out\Obj\FreeMaster_5044234217007666174.dir\FreeMaster_vars_map.o
#        D:\Embedded\Projects\OpenSource\MC80\MC80_4DC\Out\Obj\FileSystem_4971489472095595954.dir\FS_init.o
#        D:\Embedded\Projects\OpenSource\MC80\MC80_4DC\Out\Obj\FileSystem_4971489472095595954.dir\FS_utils.o
#        D:\Embedded\Projects\OpenSource\MC80\MC80_4DC\Out\Obj\src_9035677807620660841.dir\fx_directory_attributes_read.o
#        D:\Embedded\Projects\OpenSource\MC80\MC80_4DC\Out\Obj\src_9035677807620660841.dir\fx_directory_attributes_set.o
#        D:\Embedded\Projects\OpenSource\MC80\MC80_4DC\Out\Obj\src_9035677807620660841.dir\fx_directory_create.o
#        D:\Embedded\Projects\OpenSource\MC80\MC80_4DC\Out\Obj\src_9035677807620660841.dir\fx_directory_default_get.o
#        D:\Embedded\Projects\OpenSource\MC80\MC80_4DC\Out\Obj\src_9035677807620660841.dir\fx_directory_default_get_copy.o
#        D:\Embedded\Projects\OpenSource\MC80\MC80_4DC\Out\Obj\src_9035677807620660841.dir\fx_directory_default_set.o
#        D:\Embedded\Projects\OpenSource\MC80\MC80_4DC\Out\Obj\src_9035677807620660841.dir\fx_directory_delete.o
#        D:\Embedded\Projects\OpenSource\MC80\MC80_4DC\Out\Obj\src_9035677807620660841.dir\fx_directory_entry_read.o
#        D:\Embedded\Projects\OpenSource\MC80\MC80_4DC\Out\Obj\src_9035677807620660841.dir\fx_directory_entry_write.o
#        D:\Embedded\Projects\OpenSource\MC80\MC80_4DC\Out\Obj\src_9035677807620660841.dir\fx_directory_exFAT_entry_read.o
#        D:\Embedded\Projects\OpenSource\MC80\MC80_4DC\Out\Obj\src_9035677807620660841.dir\fx_directory_exFAT_entry_write.o
#        D:\Embedded\Projects\OpenSource\MC80\MC80_4DC\Out\Obj\src_9035677807620660841.dir\fx_directory_exFAT_free_search.o
#        D:\Embedded\Projects\OpenSource\MC80\MC80_4DC\Out\Obj\src_9035677807620660841.dir\fx_directory_exFAT_unicode_entry_write.o
#        D:\Embedded\Projects\OpenSource\MC80\MC80_4DC\Out\Obj\src_9035677807620660841.dir\fx_directory_first_entry_find.o
#        D:\Embedded\Projects\OpenSource\MC80\MC80_4DC\Out\Obj\src_9035677807620660841.dir\fx_directory_first_full_entry_find.o
#        D:\Embedded\Projects\OpenSource\MC80\MC80_4DC\Out\Obj\src_9035677807620660841.dir\fx_directory_free_search.o
#        D:\Embedded\Projects\OpenSource\MC80\MC80_4DC\Out\Obj\src_9035677807620660841.dir\fx_directory_information_get.o
#        D:\Embedded\Projects\OpenSource\MC80\MC80_4DC\Out\Obj\src_9035677807620660841.dir\fx_directory_local_path_clear.o
#        D:\Embedded\Projects\OpenSource\MC80\MC80_4DC\Out\Obj\src_9035677807620660841.dir\fx_directory_local_path_get.o
#        D:\Embedded\Projects\OpenSource\MC80\MC80_4DC\Out\Obj\src_9035677807620660841.dir\fx_directory_local_path_get_copy.o
#        D:\Embedded\Projects\OpenSource\MC80\MC80_4DC\Out\Obj\src_9035677807620660841.dir\fx_directory_local_path_restore.o
#        D:\Embedded\Projects\OpenSource\MC80\MC80_4DC\Out\Obj\src_9035677807620660841.dir\fx_directory_local_path_set.o
#        D:\Embedded\Projects\OpenSource\MC80\MC80_4DC\Out\Obj\src_9035677807620660841.dir\fx_directory_long_name_get.o
#        D:\Embedded\Projects\OpenSource\MC80\MC80_4DC\Out\Obj\src_9035677807620660841.dir\fx_directory_long_name_get_extended.o
#        D:\Embedded\Projects\OpenSource\MC80\MC80_4DC\Out\Obj\src_9035677807620660841.dir\fx_directory_name_extract.o
#        D:\Embedded\Projects\OpenSource\MC80\MC80_4DC\Out\Obj\src_9035677807620660841.dir\fx_directory_name_test.o
#        D:\Embedded\Projects\OpenSource\MC80\MC80_4DC\Out\Obj\src_9035677807620660841.dir\fx_directory_next_entry_find.o
#        D:\Embedded\Projects\OpenSource\MC80\MC80_4DC\Out\Obj\src_9035677807620660841.dir\fx_directory_next_full_entry_find.o
#        D:\Embedded\Projects\OpenSource\MC80\MC80_4DC\Out\Obj\src_9035677807620660841.dir\fx_directory_rename.o
#        D:\Embedded\Projects\OpenSource\MC80\MC80_4DC\Out\Obj\src_9035677807620660841.dir\fx_directory_search.o
#        D:\Embedded\Projects\OpenSource\MC80\MC80_4DC\Out\Obj\src_9035677807620660841.dir\fx_directory_short_name_get.o
#        D:\Embedded\Projects\OpenSource\MC80\MC80_4DC\Out\Obj\src_9035677807620660841.dir\fx_directory_short_name_get_extended.o
#        D:\Embedded\Projects\OpenSource\MC80\MC80_4DC\Out\Obj\src_9035677807620660841.dir\fx_fault_tolerant_add_bitmap_log.o
#        D:\Embedded\Projects\OpenSource\MC80\MC80_4DC\Out\Obj\src_9035677807620660841.dir\fx_fault_tolerant_add_checksum_log.o
#        D:\Embedded\Projects\OpenSource\MC80\MC80_4DC\Out\Obj\src_9035677807620660841.dir\fx_fault_tolerant_add_dir_log.o
#        D:\Embedded\Projects\OpenSource\MC80\MC80_4DC\Out\Obj\src_9035677807620660841.dir\fx_fault_tolerant_add_FAT_log.o
#        D:\Embedded\Projects\OpenSource\MC80\MC80_4DC\Out\Obj\src_9035677807620660841.dir\fx_fault_tolerant_apply_logs.o
#        D:\Embedded\Projects\OpenSource\MC80\MC80_4DC\Out\Obj\src_9035677807620660841.dir\fx_fault_tolerant_calculate_checksum.o
#        D:\Embedded\Projects\OpenSource\MC80\MC80_4DC\Out\Obj\src_9035677807620660841.dir\fx_fault_tolerant_cleanup_FAT_chain.o
#        D:\Embedded\Projects\OpenSource\MC80\MC80_4DC\Out\Obj\src_9035677807620660841.dir\fx_fault_tolerant_create_log_file.o
#        D:\Embedded\Projects\OpenSource\MC80\MC80_4DC\Out\Obj\src_9035677807620660841.dir\fx_fault_tolerant_enable.o
#        D:\Embedded\Projects\OpenSource\MC80\MC80_4DC\Out\Obj\src_9035677807620660841.dir\fx_fault_tolerant_read_directory_sector.o
#        D:\Embedded\Projects\OpenSource\MC80\MC80_4DC\Out\Obj\src_9035677807620660841.dir\fx_fault_tolerant_read_FAT.o
#        D:\Embedded\Projects\OpenSource\MC80\MC80_4DC\Out\Obj\src_9035677807620660841.dir\fx_fault_tolerant_read_log_file.o
#        D:\Embedded\Projects\OpenSource\MC80\MC80_4DC\Out\Obj\src_9035677807620660841.dir\fx_fault_tolerant_recover.o
#        D:\Embedded\Projects\OpenSource\MC80\MC80_4DC\Out\Obj\src_9035677807620660841.dir\fx_fault_tolerant_reset_log_file.o
#        D:\Embedded\Projects\OpenSource\MC80\MC80_4DC\Out\Obj\src_9035677807620660841.dir\fx_fault_tolerant_set_FAT_chain.o
#        D:\Embedded\Projects\OpenSource\MC80\MC80_4DC\Out\Obj\src_9035677807620660841.dir\fx_fault_tolerant_transaction_end.o
#        D:\Embedded\Projects\OpenSource\MC80\MC80_4DC\Out\Obj\src_9035677807620660841.dir\fx_fault_tolerant_transaction_fail.o
#        D:\Embedded\Projects\OpenSource\MC80\MC80_4DC\Out\Obj\src_9035677807620660841.dir\fx_fault_tolerant_transaction_start.o
#        D:\Embedded\Projects\OpenSource\MC80\MC80_4DC\Out\Obj\src_9035677807620660841.dir\fx_fault_tolerant_write_log_file.o
#        D:\Embedded\Projects\OpenSource\MC80\MC80_4DC\Out\Obj\src_9035677807620660841.dir\fx_file_allocate.o
#        D:\Embedded\Projects\OpenSource\MC80\MC80_4DC\Out\Obj\src_9035677807620660841.dir\fx_file_attributes_read.o
#        D:\Embedded\Projects\OpenSource\MC80\MC80_4DC\Out\Obj\src_9035677807620660841.dir\fx_file_attributes_set.o
#        D:\Embedded\Projects\OpenSource\MC80\MC80_4DC\Out\Obj\src_9035677807620660841.dir\fx_file_best_effort_allocate.o
#        D:\Embedded\Projects\OpenSource\MC80\MC80_4DC\Out\Obj\src_9035677807620660841.dir\fx_file_close.o
#        D:\Embedded\Projects\OpenSource\MC80\MC80_4DC\Out\Obj\src_9035677807620660841.dir\fx_file_create.o
#        D:\Embedded\Projects\OpenSource\MC80\MC80_4DC\Out\Obj\src_9035677807620660841.dir\fx_file_date_time_set.o
#        D:\Embedded\Projects\OpenSource\MC80\MC80_4DC\Out\Obj\src_9035677807620660841.dir\fx_file_delete.o
#        D:\Embedded\Projects\OpenSource\MC80\MC80_4DC\Out\Obj\src_9035677807620660841.dir\fx_file_extended_allocate.o
#        D:\Embedded\Projects\OpenSource\MC80\MC80_4DC\Out\Obj\src_9035677807620660841.dir\fx_file_extended_best_effort_allocate.o
#        D:\Embedded\Projects\OpenSource\MC80\MC80_4DC\Out\Obj\src_9035677807620660841.dir\fx_file_extended_relative_seek.o
#        D:\Embedded\Projects\OpenSource\MC80\MC80_4DC\Out\Obj\src_9035677807620660841.dir\fx_file_extended_seek.o
#        D:\Embedded\Projects\OpenSource\MC80\MC80_4DC\Out\Obj\src_9035677807620660841.dir\fx_file_extended_truncate.o
#        D:\Embedded\Projects\OpenSource\MC80\MC80_4DC\Out\Obj\src_9035677807620660841.dir\fx_file_extended_truncate_release.o
#        D:\Embedded\Projects\OpenSource\MC80\MC80_4DC\Out\Obj\src_9035677807620660841.dir\fx_file_open.o
#        D:\Embedded\Projects\OpenSource\MC80\MC80_4DC\Out\Obj\src_9035677807620660841.dir\fx_file_read.o
#        D:\Embedded\Projects\OpenSource\MC80\MC80_4DC\Out\Obj\src_9035677807620660841.dir\fx_file_relative_seek.o
#        D:\Embedded\Projects\OpenSource\MC80\MC80_4DC\Out\Obj\src_9035677807620660841.dir\fx_file_rename.o
#        D:\Embedded\Projects\OpenSource\MC80\MC80_4DC\Out\Obj\src_9035677807620660841.dir\fx_file_seek.o
#        D:\Embedded\Projects\OpenSource\MC80\MC80_4DC\Out\Obj\src_9035677807620660841.dir\fx_file_truncate.o
#        D:\Embedded\Projects\OpenSource\MC80\MC80_4DC\Out\Obj\src_9035677807620660841.dir\fx_file_truncate_release.o
#        D:\Embedded\Projects\OpenSource\MC80\MC80_4DC\Out\Obj\src_9035677807620660841.dir\fx_file_write.o
#        D:\Embedded\Projects\OpenSource\MC80\MC80_4DC\Out\Obj\src_9035677807620660841.dir\fx_file_write_notify_set.o
#        D:\Embedded\Projects\OpenSource\MC80\MC80_4DC\Out\Obj\src_9035677807620660841.dir\fx_media_abort.o
#        D:\Embedded\Projects\OpenSource\MC80\MC80_4DC\Out\Obj\src_9035677807620660841.dir\fx_media_boot_info_extract.o
#        D:\Embedded\Projects\OpenSource\MC80\MC80_4DC\Out\Obj\src_9035677807620660841.dir\fx_media_cache_invalidate.o
#        D:\Embedded\Projects\OpenSource\MC80\MC80_4DC\Out\Obj\src_9035677807620660841.dir\fx_media_check.o
#        D:\Embedded\Projects\OpenSource\MC80\MC80_4DC\Out\Obj\src_9035677807620660841.dir\fx_media_check_FAT_chain_check.o
#        D:\Embedded\Projects\OpenSource\MC80\MC80_4DC\Out\Obj\src_9035677807620660841.dir\fx_media_check_lost_cluster_check.o
#        D:\Embedded\Projects\OpenSource\MC80\MC80_4DC\Out\Obj\src_9035677807620660841.dir\fx_media_close.o
#        D:\Embedded\Projects\OpenSource\MC80\MC80_4DC\Out\Obj\src_9035677807620660841.dir\fx_media_close_notify_set.o
#        D:\Embedded\Projects\OpenSource\MC80\MC80_4DC\Out\Obj\src_9035677807620660841.dir\fx_media_exFAT_format.o
#        D:\Embedded\Projects\OpenSource\MC80\MC80_4DC\Out\Obj\src_9035677807620660841.dir\fx_media_extended_space_available.o
#        D:\Embedded\Projects\OpenSource\MC80\MC80_4DC\Out\Obj\src_9035677807620660841.dir\fx_media_flush.o
#        D:\Embedded\Projects\OpenSource\MC80\MC80_4DC\Out\Obj\src_9035677807620660841.dir\fx_media_format.o
#        D:\Embedded\Projects\OpenSource\MC80\MC80_4DC\Out\Obj\src_9035677807620660841.dir\fx_media_format_oem_name_set.o
#        D:\Embedded\Projects\OpenSource\MC80\MC80_4DC\Out\Obj\src_9035677807620660841.dir\fx_media_format_type_set.o
#        D:\Embedded\Projects\OpenSource\MC80\MC80_4DC\Out\Obj\src_9035677807620660841.dir\fx_media_format_volume_id_set.o
#        D:\Embedded\Projects\OpenSource\MC80\MC80_4DC\Out\Obj\src_9035677807620660841.dir\fx_media_open.o
#        D:\Embedded\Projects\OpenSource\MC80\MC80_4DC\Out\Obj\src_9035677807620660841.dir\fx_media_open_notify_set.o
#        D:\Embedded\Projects\OpenSource\MC80\MC80_4DC\Out\Obj\src_9035677807620660841.dir\fx_media_read.o
#        D:\Embedded\Projects\OpenSource\MC80\MC80_4DC\Out\Obj\src_9035677807620660841.dir\fx_media_space_available.o
#        D:\Embedded\Projects\OpenSource\MC80\MC80_4DC\Out\Obj\src_9035677807620660841.dir\fx_media_volume_get.o
#        D:\Embedded\Projects\OpenSource\MC80\MC80_4DC\Out\Obj\src_9035677807620660841.dir\fx_media_volume_get_extended.o
#        D:\Embedded\Projects\OpenSource\MC80\MC80_4DC\Out\Obj\src_9035677807620660841.dir\fx_media_volume_set.o
#        D:\Embedded\Projects\OpenSource\MC80\MC80_4DC\Out\Obj\src_9035677807620660841.dir\fx_media_write.o
#        D:\Embedded\Projects\OpenSource\MC80\MC80_4DC\Out\Obj\src_9035677807620660841.dir\fx_partition_offset_calculate.o
#        D:\Embedded\Projects\OpenSource\MC80\MC80_4DC\Out\Obj\src_9035677807620660841.dir\fx_ram_driver.o
#        D:\Embedded\Projects\OpenSource\MC80\MC80_4DC\Out\Obj\src_9035677807620660841.dir\fx_system_date_get.o
#        D:\Embedded\Projects\OpenSource\MC80\MC80_4DC\Out\Obj\src_9035677807620660841.dir\fx_system_date_set.o
#        D:\Embedded\Projects\OpenSource\MC80\MC80_4DC\Out\Obj\src_9035677807620660841.dir\fx_system_initialize.o
#        D:\Embedded\Projects\OpenSource\MC80\MC80_4DC\Out\Obj\src_9035677807620660841.dir\fx_system_time_get.o
#        D:\Embedded\Projects\OpenSource\MC80\MC80_4DC\Out\Obj\src_9035677807620660841.dir\fx_system_time_set.o
#        D:\Embedded\Projects\OpenSource\MC80\MC80_4DC\Out\Obj\src_9035677807620660841.dir\fx_system_timer_entry.o
#        D:\Embedded\Projects\OpenSource\MC80\MC80_4DC\Out\Obj\src_9035677807620660841.dir\fx_trace_event_insert.o
#        D:\Embedded\Projects\OpenSource\MC80\MC80_4DC\Out\Obj\src_9035677807620660841.dir\fx_trace_event_update.o
#        D:\Embedded\Projects\OpenSource\MC80\MC80_4DC\Out\Obj\src_9035677807620660841.dir\fx_trace_object_register.o
#        D:\Embedded\Projects\OpenSource\MC80\MC80_4DC\Out\Obj\src_9035677807620660841.dir\fx_trace_object_unregister.o
#        D:\Embedded\Projects\OpenSource\MC80\MC80_4DC\Out\Obj\src_9035677807620660841.dir\fx_unicode_directory_create.o
#        D:\Embedded\Projects\OpenSource\MC80\MC80_4DC\Out\Obj\src_9035677807620660841.dir\fx_unicode_directory_entry_change.o
#        D:\Embedded\Projects\OpenSource\MC80\MC80_4DC\Out\Obj\src_9035677807620660841.dir\fx_unicode_directory_entry_read.o
#        D:\Embedded\Projects\OpenSource\MC80\MC80_4DC\Out\Obj\src_9035677807620660841.dir\fx_unicode_directory_rename.o
#        D:\Embedded\Projects\OpenSource\MC80\MC80_4DC\Out\Obj\src_9035677807620660841.dir\fx_unicode_directory_search.o
#        D:\Embedded\Projects\OpenSource\MC80\MC80_4DC\Out\Obj\src_9035677807620660841.dir\fx_unicode_file_create.o
#        D:\Embedded\Projects\OpenSource\MC80\MC80_4DC\Out\Obj\src_9035677807620660841.dir\fx_unicode_file_rename.o
#        D:\Embedded\Projects\OpenSource\MC80\MC80_4DC\Out\Obj\src_9035677807620660841.dir\fx_unicode_length_get.o
#        D:\Embedded\Projects\OpenSource\MC80\MC80_4DC\Out\Obj\src_9035677807620660841.dir\fx_unicode_length_get_extended.o
#        D:\Embedded\Projects\OpenSource\MC80\MC80_4DC\Out\Obj\src_9035677807620660841.dir\fx_unicode_name_get.o
#        D:\Embedded\Projects\OpenSource\MC80\MC80_4DC\Out\Obj\src_9035677807620660841.dir\fx_unicode_name_get_extended.o
#        D:\Embedded\Projects\OpenSource\MC80\MC80_4DC\Out\Obj\src_9035677807620660841.dir\fx_unicode_short_name_get.o
#        D:\Embedded\Projects\OpenSource\MC80\MC80_4DC\Out\Obj\src_9035677807620660841.dir\fx_unicode_short_name_get_extended.o
#        D:\Embedded\Projects\OpenSource\MC80\MC80_4DC\Out\Obj\src_9035677807620660841.dir\fx_utility_16_unsigned_read.o
#        D:\Embedded\Projects\OpenSource\MC80\MC80_4DC\Out\Obj\src_9035677807620660841.dir\fx_utility_16_unsigned_write.o
#        D:\Embedded\Projects\OpenSource\MC80\MC80_4DC\Out\Obj\src_9035677807620660841.dir\fx_utility_32_unsigned_read.o
#        D:\Embedded\Projects\OpenSource\MC80\MC80_4DC\Out\Obj\src_9035677807620660841.dir\fx_utility_32_unsigned_write.o
#        D:\Embedded\Projects\OpenSource\MC80\MC80_4DC\Out\Obj\src_9035677807620660841.dir\fx_utility_64_unsigned_read.o
#        D:\Embedded\Projects\OpenSource\MC80\MC80_4DC\Out\Obj\src_9035677807620660841.dir\fx_utility_64_unsigned_write.o
#        D:\Embedded\Projects\OpenSource\MC80\MC80_4DC\Out\Obj\src_9035677807620660841.dir\fx_utility_absolute_path_get.o
#        D:\Embedded\Projects\OpenSource\MC80\MC80_4DC\Out\Obj\src_9035677807620660841.dir\fx_utility_exFAT_allocate_new_cluster.o
#        D:\Embedded\Projects\OpenSource\MC80\MC80_4DC\Out\Obj\src_9035677807620660841.dir\fx_utility_exFAT_bitmap_cache_prepare.o
#        D:\Embedded\Projects\OpenSource\MC80\MC80_4DC\Out\Obj\src_9035677807620660841.dir\fx_utility_exFAT_bitmap_cache_update.o
#        D:\Embedded\Projects\OpenSource\MC80\MC80_4DC\Out\Obj\src_9035677807620660841.dir\fx_utility_exFAT_bitmap_flush.o
#        D:\Embedded\Projects\OpenSource\MC80\MC80_4DC\Out\Obj\src_9035677807620660841.dir\fx_utility_exFAT_bitmap_free_cluster_find.o
#        D:\Embedded\Projects\OpenSource\MC80\MC80_4DC\Out\Obj\src_9035677807620660841.dir\fx_utility_exFAT_bitmap_initialize.o
#        D:\Embedded\Projects\OpenSource\MC80\MC80_4DC\Out\Obj\src_9035677807620660841.dir\fx_utility_exFAT_bitmap_start_sector_get.o
#        D:\Embedded\Projects\OpenSource\MC80\MC80_4DC\Out\Obj\src_9035677807620660841.dir\fx_utility_exFAT_cluster_free.o
#        D:\Embedded\Projects\OpenSource\MC80\MC80_4DC\Out\Obj\src_9035677807620660841.dir\fx_utility_exFAT_cluster_state_get.o
#        D:\Embedded\Projects\OpenSource\MC80\MC80_4DC\Out\Obj\src_9035677807620660841.dir\fx_utility_exFAT_cluster_state_set.o
#        D:\Embedded\Projects\OpenSource\MC80\MC80_4DC\Out\Obj\src_9035677807620660841.dir\fx_utility_exFAT_geometry_check.o
#        D:\Embedded\Projects\OpenSource\MC80\MC80_4DC\Out\Obj\src_9035677807620660841.dir\fx_utility_exFAT_name_hash_get.o
#        D:\Embedded\Projects\OpenSource\MC80\MC80_4DC\Out\Obj\src_9035677807620660841.dir\fx_utility_exFAT_size_calculate.o
#        D:\Embedded\Projects\OpenSource\MC80\MC80_4DC\Out\Obj\src_9035677807620660841.dir\fx_utility_exFAT_system_area_checksum_verify.o
#        D:\Embedded\Projects\OpenSource\MC80\MC80_4DC\Out\Obj\src_9035677807620660841.dir\fx_utility_exFAT_system_area_checksum_write.o
#        D:\Embedded\Projects\OpenSource\MC80\MC80_4DC\Out\Obj\src_9035677807620660841.dir\fx_utility_exFAT_system_area_format.o
#        D:\Embedded\Projects\OpenSource\MC80\MC80_4DC\Out\Obj\src_9035677807620660841.dir\fx_utility_exFAT_system_sector_write.o
#        D:\Embedded\Projects\OpenSource\MC80\MC80_4DC\Out\Obj\src_9035677807620660841.dir\fx_utility_exFAT_unicode_name_hash_get.o
#        D:\Embedded\Projects\OpenSource\MC80\MC80_4DC\Out\Obj\src_9035677807620660841.dir\fx_utility_exFAT_upcase_table.o
#        D:\Embedded\Projects\OpenSource\MC80\MC80_4DC\Out\Obj\src_9035677807620660841.dir\fx_utility_FAT_entry_read.o
#        D:\Embedded\Projects\OpenSource\MC80\MC80_4DC\Out\Obj\src_9035677807620660841.dir\fx_utility_FAT_entry_write.o
#        D:\Embedded\Projects\OpenSource\MC80\MC80_4DC\Out\Obj\src_9035677807620660841.dir\fx_utility_FAT_flush.o
#        D:\Embedded\Projects\OpenSource\MC80\MC80_4DC\Out\Obj\src_9035677807620660841.dir\fx_utility_FAT_map_flush.o
#        D:\Embedded\Projects\OpenSource\MC80\MC80_4DC\Out\Obj\src_9035677807620660841.dir\fx_utility_FAT_sector_get.o
#        D:\Embedded\Projects\OpenSource\MC80\MC80_4DC\Out\Obj\src_9035677807620660841.dir\fx_utility_logical_sector_cache_entry_read.o
#        D:\Embedded\Projects\OpenSource\MC80\MC80_4DC\Out\Obj\src_9035677807620660841.dir\fx_utility_logical_sector_flush.o
#        D:\Embedded\Projects\OpenSource\MC80\MC80_4DC\Out\Obj\src_9035677807620660841.dir\fx_utility_logical_sector_read.o
#        D:\Embedded\Projects\OpenSource\MC80\MC80_4DC\Out\Obj\src_9035677807620660841.dir\fx_utility_logical_sector_write.o
#        D:\Embedded\Projects\OpenSource\MC80\MC80_4DC\Out\Obj\src_9035677807620660841.dir\fx_utility_memory_copy.o
#        D:\Embedded\Projects\OpenSource\MC80\MC80_4DC\Out\Obj\src_9035677807620660841.dir\fx_utility_memory_set.o
#        D:\Embedded\Projects\OpenSource\MC80\MC80_4DC\Out\Obj\src_9035677807620660841.dir\fx_utility_string_length_get.o
#        D:\Embedded\Projects\OpenSource\MC80\MC80_4DC\Out\Obj\src_9035677807620660841.dir\fx_utility_token_length_get.o
#        D:\Embedded\Projects\OpenSource\MC80\MC80_4DC\Out\Obj\src_9035677807620660841.dir\fxe_directory_attributes_read.o
#        D:\Embedded\Projects\OpenSource\MC80\MC80_4DC\Out\Obj\src_9035677807620660841.dir\fxe_directory_attributes_set.o
#        D:\Embedded\Projects\OpenSource\MC80\MC80_4DC\Out\Obj\src_9035677807620660841.dir\fxe_directory_create.o
#        D:\Embedded\Projects\OpenSource\MC80\MC80_4DC\Out\Obj\src_9035677807620660841.dir\fxe_directory_default_get.o
#        D:\Embedded\Projects\OpenSource\MC80\MC80_4DC\Out\Obj\src_9035677807620660841.dir\fxe_directory_default_get_copy.o
#        D:\Embedded\Projects\OpenSource\MC80\MC80_4DC\Out\Obj\src_9035677807620660841.dir\fxe_directory_default_set.o
#        D:\Embedded\Projects\OpenSource\MC80\MC80_4DC\Out\Obj\src_9035677807620660841.dir\fxe_directory_delete.o
#        D:\Embedded\Projects\OpenSource\MC80\MC80_4DC\Out\Obj\src_9035677807620660841.dir\fxe_directory_first_entry_find.o
#        D:\Embedded\Projects\OpenSource\MC80\MC80_4DC\Out\Obj\src_9035677807620660841.dir\fxe_directory_first_full_entry_find.o
#        D:\Embedded\Projects\OpenSource\MC80\MC80_4DC\Out\Obj\src_9035677807620660841.dir\fxe_directory_information_get.o
#        D:\Embedded\Projects\OpenSource\MC80\MC80_4DC\Out\Obj\src_9035677807620660841.dir\fxe_directory_local_path_clear.o
#        D:\Embedded\Projects\OpenSource\MC80\MC80_4DC\Out\Obj\src_9035677807620660841.dir\fxe_directory_local_path_get.o
#        D:\Embedded\Projects\OpenSource\MC80\MC80_4DC\Out\Obj\src_9035677807620660841.dir\fxe_directory_local_path_get_copy.o
#        D:\Embedded\Projects\OpenSource\MC80\MC80_4DC\Out\Obj\src_9035677807620660841.dir\fxe_directory_local_path_restore.o
#        D:\Embedded\Projects\OpenSource\MC80\MC80_4DC\Out\Obj\src_9035677807620660841.dir\fxe_directory_local_path_set.o
#        D:\Embedded\Projects\OpenSource\MC80\MC80_4DC\Out\Obj\src_9035677807620660841.dir\fxe_directory_long_name_get.o
#        D:\Embedded\Projects\OpenSource\MC80\MC80_4DC\Out\Obj\src_9035677807620660841.dir\fxe_directory_long_name_get_extended.o
#        D:\Embedded\Projects\OpenSource\MC80\MC80_4DC\Out\Obj\src_9035677807620660841.dir\fxe_directory_name_test.o
#        D:\Embedded\Projects\OpenSource\MC80\MC80_4DC\Out\Obj\src_9035677807620660841.dir\fxe_directory_next_entry_find.o
#        D:\Embedded\Projects\OpenSource\MC80\MC80_4DC\Out\Obj\src_9035677807620660841.dir\fxe_directory_next_full_entry_find.o
#        D:\Embedded\Projects\OpenSource\MC80\MC80_4DC\Out\Obj\src_9035677807620660841.dir\fxe_directory_rename.o
#        D:\Embedded\Projects\OpenSource\MC80\MC80_4DC\Out\Obj\src_9035677807620660841.dir\fxe_directory_short_name_get.o
#        D:\Embedded\Projects\OpenSource\MC80\MC80_4DC\Out\Obj\src_9035677807620660841.dir\fxe_directory_short_name_get_extended.o
#        D:\Embedded\Projects\OpenSource\MC80\MC80_4DC\Out\Obj\src_9035677807620660841.dir\fxe_fault_tolerant_enable.o
#        D:\Embedded\Projects\OpenSource\MC80\MC80_4DC\Out\Obj\src_9035677807620660841.dir\fxe_file_allocate.o
#        D:\Embedded\Projects\OpenSource\MC80\MC80_4DC\Out\Obj\src_9035677807620660841.dir\fxe_file_attributes_read.o
#        D:\Embedded\Projects\OpenSource\MC80\MC80_4DC\Out\Obj\src_9035677807620660841.dir\fxe_file_attributes_set.o
#        D:\Embedded\Projects\OpenSource\MC80\MC80_4DC\Out\Obj\src_9035677807620660841.dir\fxe_file_best_effort_allocate.o
#        D:\Embedded\Projects\OpenSource\MC80\MC80_4DC\Out\Obj\src_9035677807620660841.dir\fxe_file_close.o
#        D:\Embedded\Projects\OpenSource\MC80\MC80_4DC\Out\Obj\src_9035677807620660841.dir\fxe_file_create.o
#        D:\Embedded\Projects\OpenSource\MC80\MC80_4DC\Out\Obj\src_9035677807620660841.dir\fxe_file_date_time_set.o
#        D:\Embedded\Projects\OpenSource\MC80\MC80_4DC\Out\Obj\src_9035677807620660841.dir\fxe_file_delete.o
#        D:\Embedded\Projects\OpenSource\MC80\MC80_4DC\Out\Obj\src_9035677807620660841.dir\fxe_file_extended_allocate.o
#        D:\Embedded\Projects\OpenSource\MC80\MC80_4DC\Out\Obj\src_9035677807620660841.dir\fxe_file_extended_best_effort_allocate.o
#        D:\Embedded\Projects\OpenSource\MC80\MC80_4DC\Out\Obj\src_9035677807620660841.dir\fxe_file_extended_relative_seek.o
#        D:\Embedded\Projects\OpenSource\MC80\MC80_4DC\Out\Obj\src_9035677807620660841.dir\fxe_file_extended_seek.o
#        D:\Embedded\Projects\OpenSource\MC80\MC80_4DC\Out\Obj\src_9035677807620660841.dir\fxe_file_extended_truncate.o
#        D:\Embedded\Projects\OpenSource\MC80\MC80_4DC\Out\Obj\src_9035677807620660841.dir\fxe_file_extended_truncate_release.o
#        D:\Embedded\Projects\OpenSource\MC80\MC80_4DC\Out\Obj\src_9035677807620660841.dir\fxe_file_open.o
#        D:\Embedded\Projects\OpenSource\MC80\MC80_4DC\Out\Obj\src_9035677807620660841.dir\fxe_file_read.o
#        D:\Embedded\Projects\OpenSource\MC80\MC80_4DC\Out\Obj\src_9035677807620660841.dir\fxe_file_relative_seek.o
#        D:\Embedded\Projects\OpenSource\MC80\MC80_4DC\Out\Obj\src_9035677807620660841.dir\fxe_file_rename.o
#        D:\Embedded\Projects\OpenSource\MC80\MC80_4DC\Out\Obj\src_9035677807620660841.dir\fxe_file_seek.o
#        D:\Embedded\Projects\OpenSource\MC80\MC80_4DC\Out\Obj\src_9035677807620660841.dir\fxe_file_truncate.o
#        D:\Embedded\Projects\OpenSource\MC80\MC80_4DC\Out\Obj\src_9035677807620660841.dir\fxe_file_truncate_release.o
#        D:\Embedded\Projects\OpenSource\MC80\MC80_4DC\Out\Obj\src_9035677807620660841.dir\fxe_file_write.o
#        D:\Embedded\Projects\OpenSource\MC80\MC80_4DC\Out\Obj\src_9035677807620660841.dir\fxe_file_write_notify_set.o
#        D:\Embedded\Projects\OpenSource\MC80\MC80_4DC\Out\Obj\src_9035677807620660841.dir\fxe_media_abort.o
#        D:\Embedded\Projects\OpenSource\MC80\MC80_4DC\Out\Obj\src_9035677807620660841.dir\fxe_media_cache_invalidate.o
#        D:\Embedded\Projects\OpenSource\MC80\MC80_4DC\Out\Obj\src_9035677807620660841.dir\fxe_media_check.o
#        D:\Embedded\Projects\OpenSource\MC80\MC80_4DC\Out\Obj\src_9035677807620660841.dir\fxe_media_close.o
#        D:\Embedded\Projects\OpenSource\MC80\MC80_4DC\Out\Obj\src_9035677807620660841.dir\fxe_media_close_notify_set.o
#        D:\Embedded\Projects\OpenSource\MC80\MC80_4DC\Out\Obj\src_9035677807620660841.dir\fxe_media_exFAT_format.o
#        D:\Embedded\Projects\OpenSource\MC80\MC80_4DC\Out\Obj\src_9035677807620660841.dir\fxe_media_extended_space_available.o
#        D:\Embedded\Projects\OpenSource\MC80\MC80_4DC\Out\Obj\src_9035677807620660841.dir\fxe_media_flush.o
#        D:\Embedded\Projects\OpenSource\MC80\MC80_4DC\Out\Obj\src_9035677807620660841.dir\fxe_media_format.o
#        D:\Embedded\Projects\OpenSource\MC80\MC80_4DC\Out\Obj\src_9035677807620660841.dir\fxe_media_open.o
#        D:\Embedded\Projects\OpenSource\MC80\MC80_4DC\Out\Obj\src_9035677807620660841.dir\fxe_media_open_notify_set.o
#        D:\Embedded\Projects\OpenSource\MC80\MC80_4DC\Out\Obj\src_9035677807620660841.dir\fxe_media_read.o
#        D:\Embedded\Projects\OpenSource\MC80\MC80_4DC\Out\Obj\src_9035677807620660841.dir\fxe_media_space_available.o
#        D:\Embedded\Projects\OpenSource\MC80\MC80_4DC\Out\Obj\src_9035677807620660841.dir\fxe_media_volume_get.o
#        D:\Embedded\Projects\OpenSource\MC80\MC80_4DC\Out\Obj\src_9035677807620660841.dir\fxe_media_volume_get_extended.o
#        D:\Embedded\Projects\OpenSource\MC80\MC80_4DC\Out\Obj\src_9035677807620660841.dir\fxe_media_volume_set.o
#        D:\Embedded\Projects\OpenSource\MC80\MC80_4DC\Out\Obj\src_9035677807620660841.dir\fxe_media_write.o
#        D:\Embedded\Projects\OpenSource\MC80\MC80_4DC\Out\Obj\src_9035677807620660841.dir\fxe_system_date_get.o
#        D:\Embedded\Projects\OpenSource\MC80\MC80_4DC\Out\Obj\src_9035677807620660841.dir\fxe_system_date_set.o
#        D:\Embedded\Projects\OpenSource\MC80\MC80_4DC\Out\Obj\src_9035677807620660841.dir\fxe_system_time_get.o
#        D:\Embedded\Projects\OpenSource\MC80\MC80_4DC\Out\Obj\src_9035677807620660841.dir\fxe_system_time_set.o
#        D:\Embedded\Projects\OpenSource\MC80\MC80_4DC\Out\Obj\src_9035677807620660841.dir\fxe_unicode_directory_create.o
#        D:\Embedded\Projects\OpenSource\MC80\MC80_4DC\Out\Obj\src_9035677807620660841.dir\fxe_unicode_directory_rename.o
#        D:\Embedded\Projects\OpenSource\MC80\MC80_4DC\Out\Obj\src_9035677807620660841.dir\fxe_unicode_file_create.o
#        D:\Embedded\Projects\OpenSource\MC80\MC80_4DC\Out\Obj\src_9035677807620660841.dir\fxe_unicode_file_rename.o
#        D:\Embedded\Projects\OpenSource\MC80\MC80_4DC\Out\Obj\src_9035677807620660841.dir\fxe_unicode_name_get.o
#        D:\Embedded\Projects\OpenSource\MC80\MC80_4DC\Out\Obj\src_9035677807620660841.dir\fxe_unicode_name_get_extended.o
#        D:\Embedded\Projects\OpenSource\MC80\MC80_4DC\Out\Obj\src_9035677807620660841.dir\fxe_unicode_short_name_get.o
#        D:\Embedded\Projects\OpenSource\MC80\MC80_4DC\Out\Obj\src_9035677807620660841.dir\fxe_unicode_short_name_get_extended.o
#        D:\Embedded\Projects\OpenSource\MC80\MC80_4DC\Out\Obj\src_11402506208097374115.dir\gx_accordion_menu_create.o
#        D:\Embedded\Projects\OpenSource\MC80\MC80_4DC\Out\Obj\src_11402506208097374115.dir\gx_accordion_menu_draw.o
#        D:\Embedded\Projects\OpenSource\MC80\MC80_4DC\Out\Obj\src_11402506208097374115.dir\gx_accordion_menu_event_process.o
#        D:\Embedded\Projects\OpenSource\MC80\MC80_4DC\Out\Obj\src_11402506208097374115.dir\gx_accordion_menu_position.o
#        D:\Embedded\Projects\OpenSource\MC80\MC80_4DC\Out\Obj\src_11402506208097374115.dir\gx_animation_canvas_define.o
#        D:\Embedded\Projects\OpenSource\MC80\MC80_4DC\Out\Obj\src_11402506208097374115.dir\gx_animation_complete.o
#        D:\Embedded\Projects\OpenSource\MC80\MC80_4DC\Out\Obj\src_11402506208097374115.dir\gx_animation_create.o
#        D:\Embedded\Projects\OpenSource\MC80\MC80_4DC\Out\Obj\src_11402506208097374115.dir\gx_animation_delete.o
#        D:\Embedded\Projects\OpenSource\MC80\MC80_4DC\Out\Obj\src_11402506208097374115.dir\gx_animation_drag_disable.o
#        D:\Embedded\Projects\OpenSource\MC80\MC80_4DC\Out\Obj\src_11402506208097374115.dir\gx_animation_drag_enable.o
#        D:\Embedded\Projects\OpenSource\MC80\MC80_4DC\Out\Obj\src_11402506208097374115.dir\gx_animation_drag_event_process.o
#        D:\Embedded\Projects\OpenSource\MC80\MC80_4DC\Out\Obj\src_11402506208097374115.dir\gx_animation_drag_tracking.o
#        D:\Embedded\Projects\OpenSource\MC80\MC80_4DC\Out\Obj\src_11402506208097374115.dir\gx_animation_drag_tracking_start.o
#        D:\Embedded\Projects\OpenSource\MC80\MC80_4DC\Out\Obj\src_11402506208097374115.dir\gx_animation_landing_speed_set.o
#        D:\Embedded\Projects\OpenSource\MC80\MC80_4DC\Out\Obj\src_11402506208097374115.dir\gx_animation_slide_landing.o
#        D:\Embedded\Projects\OpenSource\MC80\MC80_4DC\Out\Obj\src_11402506208097374115.dir\gx_animation_slide_landing_start.o
#        D:\Embedded\Projects\OpenSource\MC80\MC80_4DC\Out\Obj\src_11402506208097374115.dir\gx_animation_start.o
#        D:\Embedded\Projects\OpenSource\MC80\MC80_4DC\Out\Obj\src_11402506208097374115.dir\gx_animation_stop.o
#        D:\Embedded\Projects\OpenSource\MC80\MC80_4DC\Out\Obj\src_11402506208097374115.dir\gx_animation_update.o
#        D:\Embedded\Projects\OpenSource\MC80\MC80_4DC\Out\Obj\src_11402506208097374115.dir\gx_binres_language_count_get.o
#        D:\Embedded\Projects\OpenSource\MC80\MC80_4DC\Out\Obj\src_11402506208097374115.dir\gx_binres_language_info_load.o
#        D:\Embedded\Projects\OpenSource\MC80\MC80_4DC\Out\Obj\src_11402506208097374115.dir\gx_binres_language_table_load.o
#        D:\Embedded\Projects\OpenSource\MC80\MC80_4DC\Out\Obj\src_11402506208097374115.dir\gx_binres_theme_load.o
#        D:\Embedded\Projects\OpenSource\MC80\MC80_4DC\Out\Obj\src_11402506208097374115.dir\gx_brush_default.o
#        D:\Embedded\Projects\OpenSource\MC80\MC80_4DC\Out\Obj\src_11402506208097374115.dir\gx_brush_define.o
#        D:\Embedded\Projects\OpenSource\MC80\MC80_4DC\Out\Obj\src_11402506208097374115.dir\gx_button_background_draw.o
#        D:\Embedded\Projects\OpenSource\MC80\MC80_4DC\Out\Obj\src_11402506208097374115.dir\gx_button_create.o
#        D:\Embedded\Projects\OpenSource\MC80\MC80_4DC\Out\Obj\src_11402506208097374115.dir\gx_button_deselect.o
#        D:\Embedded\Projects\OpenSource\MC80\MC80_4DC\Out\Obj\src_11402506208097374115.dir\gx_button_draw.o
#        D:\Embedded\Projects\OpenSource\MC80\MC80_4DC\Out\Obj\src_11402506208097374115.dir\gx_button_event_process.o
#        D:\Embedded\Projects\OpenSource\MC80\MC80_4DC\Out\Obj\src_11402506208097374115.dir\gx_button_select.o
#        D:\Embedded\Projects\OpenSource\MC80\MC80_4DC\Out\Obj\src_11402506208097374115.dir\gx_button_siblings_deselect.o
#        D:\Embedded\Projects\OpenSource\MC80\MC80_4DC\Out\Obj\src_11402506208097374115.dir\gx_canvas_alpha_set.o
#        D:\Embedded\Projects\OpenSource\MC80\MC80_4DC\Out\Obj\src_11402506208097374115.dir\gx_canvas_arc_draw.o
#        D:\Embedded\Projects\OpenSource\MC80\MC80_4DC\Out\Obj\src_11402506208097374115.dir\gx_canvas_block_move.o
#        D:\Embedded\Projects\OpenSource\MC80\MC80_4DC\Out\Obj\src_11402506208097374115.dir\gx_canvas_circle_draw.o
#        D:\Embedded\Projects\OpenSource\MC80\MC80_4DC\Out\Obj\src_11402506208097374115.dir\gx_canvas_composite_create.o
#        D:\Embedded\Projects\OpenSource\MC80\MC80_4DC\Out\Obj\src_11402506208097374115.dir\gx_canvas_create.o
#        D:\Embedded\Projects\OpenSource\MC80\MC80_4DC\Out\Obj\src_11402506208097374115.dir\gx_canvas_delete.o
#        D:\Embedded\Projects\OpenSource\MC80\MC80_4DC\Out\Obj\src_11402506208097374115.dir\gx_canvas_dirty_mark.o
#        D:\Embedded\Projects\OpenSource\MC80\MC80_4DC\Out\Obj\src_11402506208097374115.dir\gx_canvas_drawing_complete.o
#        D:\Embedded\Projects\OpenSource\MC80\MC80_4DC\Out\Obj\src_11402506208097374115.dir\gx_canvas_drawing_initiate.o
#        D:\Embedded\Projects\OpenSource\MC80\MC80_4DC\Out\Obj\src_11402506208097374115.dir\gx_canvas_ellipse_draw.o
#        D:\Embedded\Projects\OpenSource\MC80\MC80_4DC\Out\Obj\src_11402506208097374115.dir\gx_canvas_glyphs_draw.o
#        D:\Embedded\Projects\OpenSource\MC80\MC80_4DC\Out\Obj\src_11402506208097374115.dir\gx_canvas_hardware_layer_bind.o
#        D:\Embedded\Projects\OpenSource\MC80\MC80_4DC\Out\Obj\src_11402506208097374115.dir\gx_canvas_hide.o
#        D:\Embedded\Projects\OpenSource\MC80\MC80_4DC\Out\Obj\src_11402506208097374115.dir\gx_canvas_line_draw.o
#        D:\Embedded\Projects\OpenSource\MC80\MC80_4DC\Out\Obj\src_11402506208097374115.dir\gx_canvas_memory_define.o
#        D:\Embedded\Projects\OpenSource\MC80\MC80_4DC\Out\Obj\src_11402506208097374115.dir\gx_canvas_mouse_define.o
#        D:\Embedded\Projects\OpenSource\MC80\MC80_4DC\Out\Obj\src_11402506208097374115.dir\gx_canvas_mouse_hide.o
#        D:\Embedded\Projects\OpenSource\MC80\MC80_4DC\Out\Obj\src_11402506208097374115.dir\gx_canvas_mouse_show.o
#        D:\Embedded\Projects\OpenSource\MC80\MC80_4DC\Out\Obj\src_11402506208097374115.dir\gx_canvas_offset_set.o
#        D:\Embedded\Projects\OpenSource\MC80\MC80_4DC\Out\Obj\src_11402506208097374115.dir\gx_canvas_pie_draw.o
#        D:\Embedded\Projects\OpenSource\MC80\MC80_4DC\Out\Obj\src_11402506208097374115.dir\gx_canvas_pixel_draw.o
#        D:\Embedded\Projects\OpenSource\MC80\MC80_4DC\Out\Obj\src_11402506208097374115.dir\gx_canvas_pixelmap_blend.o
#        D:\Embedded\Projects\OpenSource\MC80\MC80_4DC\Out\Obj\src_11402506208097374115.dir\gx_canvas_pixelmap_draw.o
#        D:\Embedded\Projects\OpenSource\MC80\MC80_4DC\Out\Obj\src_11402506208097374115.dir\gx_canvas_pixelmap_get.o
#        D:\Embedded\Projects\OpenSource\MC80\MC80_4DC\Out\Obj\src_11402506208097374115.dir\gx_canvas_pixelmap_rotate.o
#        D:\Embedded\Projects\OpenSource\MC80\MC80_4DC\Out\Obj\src_11402506208097374115.dir\gx_canvas_pixelmap_tile.o
#        D:\Embedded\Projects\OpenSource\MC80\MC80_4DC\Out\Obj\src_11402506208097374115.dir\gx_canvas_polygon_draw.o
#        D:\Embedded\Projects\OpenSource\MC80\MC80_4DC\Out\Obj\src_11402506208097374115.dir\gx_canvas_rectangle_draw.o
#        D:\Embedded\Projects\OpenSource\MC80\MC80_4DC\Out\Obj\src_11402506208097374115.dir\gx_canvas_rotated_text_draw.o
#        D:\Embedded\Projects\OpenSource\MC80\MC80_4DC\Out\Obj\src_11402506208097374115.dir\gx_canvas_shift.o
#        D:\Embedded\Projects\OpenSource\MC80\MC80_4DC\Out\Obj\src_11402506208097374115.dir\gx_canvas_show.o
#        D:\Embedded\Projects\OpenSource\MC80\MC80_4DC\Out\Obj\src_11402506208097374115.dir\gx_canvas_text_draw.o
#        D:\Embedded\Projects\OpenSource\MC80\MC80_4DC\Out\Obj\src_11402506208097374115.dir\gx_checkbox_create.o
#        D:\Embedded\Projects\OpenSource\MC80\MC80_4DC\Out\Obj\src_11402506208097374115.dir\gx_checkbox_draw.o
#        D:\Embedded\Projects\OpenSource\MC80\MC80_4DC\Out\Obj\src_11402506208097374115.dir\gx_checkbox_event_process.o
#        D:\Embedded\Projects\OpenSource\MC80\MC80_4DC\Out\Obj\src_11402506208097374115.dir\gx_checkbox_pixelmap_set.o
#        D:\Embedded\Projects\OpenSource\MC80\MC80_4DC\Out\Obj\src_11402506208097374115.dir\gx_checkbox_select.o
#        D:\Embedded\Projects\OpenSource\MC80\MC80_4DC\Out\Obj\src_11402506208097374115.dir\gx_circular_gauge_angle_get.o
#        D:\Embedded\Projects\OpenSource\MC80\MC80_4DC\Out\Obj\src_11402506208097374115.dir\gx_circular_gauge_angle_increment_calculate.o
#        D:\Embedded\Projects\OpenSource\MC80\MC80_4DC\Out\Obj\src_11402506208097374115.dir\gx_circular_gauge_angle_set.o
#        D:\Embedded\Projects\OpenSource\MC80\MC80_4DC\Out\Obj\src_11402506208097374115.dir\gx_circular_gauge_animation_set.o
#        D:\Embedded\Projects\OpenSource\MC80\MC80_4DC\Out\Obj\src_11402506208097374115.dir\gx_circular_gauge_background_draw.o
#        D:\Embedded\Projects\OpenSource\MC80\MC80_4DC\Out\Obj\src_11402506208097374115.dir\gx_circular_gauge_create.o
#        D:\Embedded\Projects\OpenSource\MC80\MC80_4DC\Out\Obj\src_11402506208097374115.dir\gx_circular_gauge_draw.o
#        D:\Embedded\Projects\OpenSource\MC80\MC80_4DC\Out\Obj\src_11402506208097374115.dir\gx_circular_gauge_event_process.o
#        D:\Embedded\Projects\OpenSource\MC80\MC80_4DC\Out\Obj\src_11402506208097374115.dir\gx_circular_gauge_needle_dirty_mark.o
#        D:\Embedded\Projects\OpenSource\MC80\MC80_4DC\Out\Obj\src_11402506208097374115.dir\gx_circular_gauge_needle_rectangle_calculate.o
#        D:\Embedded\Projects\OpenSource\MC80\MC80_4DC\Out\Obj\src_11402506208097374115.dir\gx_circular_gauge_needle_rotate.o
#        D:\Embedded\Projects\OpenSource\MC80\MC80_4DC\Out\Obj\src_11402506208097374115.dir\gx_context_brush_default.o
#        D:\Embedded\Projects\OpenSource\MC80\MC80_4DC\Out\Obj\src_11402506208097374115.dir\gx_context_brush_define.o
#        D:\Embedded\Projects\OpenSource\MC80\MC80_4DC\Out\Obj\src_11402506208097374115.dir\gx_context_brush_get.o
#        D:\Embedded\Projects\OpenSource\MC80\MC80_4DC\Out\Obj\src_11402506208097374115.dir\gx_context_brush_pattern_set.o
#        D:\Embedded\Projects\OpenSource\MC80\MC80_4DC\Out\Obj\src_11402506208097374115.dir\gx_context_brush_set.o
#        D:\Embedded\Projects\OpenSource\MC80\MC80_4DC\Out\Obj\src_11402506208097374115.dir\gx_context_brush_style_set.o
#        D:\Embedded\Projects\OpenSource\MC80\MC80_4DC\Out\Obj\src_11402506208097374115.dir\gx_context_brush_width_set.o
#        D:\Embedded\Projects\OpenSource\MC80\MC80_4DC\Out\Obj\src_11402506208097374115.dir\gx_context_color_get.o
#        D:\Embedded\Projects\OpenSource\MC80\MC80_4DC\Out\Obj\src_11402506208097374115.dir\gx_context_fill_color_set.o
#        D:\Embedded\Projects\OpenSource\MC80\MC80_4DC\Out\Obj\src_11402506208097374115.dir\gx_context_font_get.o
#        D:\Embedded\Projects\OpenSource\MC80\MC80_4DC\Out\Obj\src_11402506208097374115.dir\gx_context_font_set.o
#        D:\Embedded\Projects\OpenSource\MC80\MC80_4DC\Out\Obj\src_11402506208097374115.dir\gx_context_line_color_set.o
#        D:\Embedded\Projects\OpenSource\MC80\MC80_4DC\Out\Obj\src_11402506208097374115.dir\gx_context_pixelmap_get.o
#        D:\Embedded\Projects\OpenSource\MC80\MC80_4DC\Out\Obj\src_11402506208097374115.dir\gx_context_pixelmap_set.o
#        D:\Embedded\Projects\OpenSource\MC80\MC80_4DC\Out\Obj\src_11402506208097374115.dir\gx_context_raw_brush_define.o
#        D:\Embedded\Projects\OpenSource\MC80\MC80_4DC\Out\Obj\src_11402506208097374115.dir\gx_context_raw_fill_color_set.o
#        D:\Embedded\Projects\OpenSource\MC80\MC80_4DC\Out\Obj\src_11402506208097374115.dir\gx_context_raw_line_color_set.o
#        D:\Embedded\Projects\OpenSource\MC80\MC80_4DC\Out\Obj\src_11402506208097374115.dir\gx_context_string_get.o
#        D:\Embedded\Projects\OpenSource\MC80\MC80_4DC\Out\Obj\src_11402506208097374115.dir\gx_display_active_language_set.o
#        D:\Embedded\Projects\OpenSource\MC80\MC80_4DC\Out\Obj\src_11402506208097374115.dir\gx_display_canvas_dirty.o
#        D:\Embedded\Projects\OpenSource\MC80\MC80_4DC\Out\Obj\src_11402506208097374115.dir\gx_display_color_set.o
#        D:\Embedded\Projects\OpenSource\MC80\MC80_4DC\Out\Obj\src_11402506208097374115.dir\gx_display_color_table_set.o
#        D:\Embedded\Projects\OpenSource\MC80\MC80_4DC\Out\Obj\src_11402506208097374115.dir\gx_display_create.o
#        D:\Embedded\Projects\OpenSource\MC80\MC80_4DC\Out\Obj\src_11402506208097374115.dir\gx_display_delete.o
#        D:\Embedded\Projects\OpenSource\MC80\MC80_4DC\Out\Obj\src_11402506208097374115.dir\gx_display_driver_1555xrgb_canvas_blend.o
#        D:\Embedded\Projects\OpenSource\MC80\MC80_4DC\Out\Obj\src_11402506208097374115.dir\gx_display_driver_1555xrgb_jpeg_draw.o
#        D:\Embedded\Projects\OpenSource\MC80\MC80_4DC\Out\Obj\src_11402506208097374115.dir\gx_display_driver_1555xrgb_native_color_get.o
#        D:\Embedded\Projects\OpenSource\MC80\MC80_4DC\Out\Obj\src_11402506208097374115.dir\gx_display_driver_1555xrgb_pixel_blend.o
#        D:\Embedded\Projects\OpenSource\MC80\MC80_4DC\Out\Obj\src_11402506208097374115.dir\gx_display_driver_1555xrgb_pixelmap_rotate.o
#        D:\Embedded\Projects\OpenSource\MC80\MC80_4DC\Out\Obj\src_11402506208097374115.dir\gx_display_driver_1555xrgb_png_draw.o
#        D:\Embedded\Projects\OpenSource\MC80\MC80_4DC\Out\Obj\src_11402506208097374115.dir\gx_display_driver_1555xrgb_setup.o
#        D:\Embedded\Projects\OpenSource\MC80\MC80_4DC\Out\Obj\src_11402506208097374115.dir\gx_display_driver_16bpp_block_move.o
#        D:\Embedded\Projects\OpenSource\MC80\MC80_4DC\Out\Obj\src_11402506208097374115.dir\gx_display_driver_16bpp_canvas_copy.o
#        D:\Embedded\Projects\OpenSource\MC80\MC80_4DC\Out\Obj\src_11402506208097374115.dir\gx_display_driver_16bpp_horizontal_line_draw.o
#        D:\Embedded\Projects\OpenSource\MC80\MC80_4DC\Out\Obj\src_11402506208097374115.dir\gx_display_driver_16bpp_horizontal_pattern_line_draw.o
#        D:\Embedded\Projects\OpenSource\MC80\MC80_4DC\Out\Obj\src_11402506208097374115.dir\gx_display_driver_16bpp_mouse_capture.o
#        D:\Embedded\Projects\OpenSource\MC80\MC80_4DC\Out\Obj\src_11402506208097374115.dir\gx_display_driver_16bpp_mouse_restore.o
#        D:\Embedded\Projects\OpenSource\MC80\MC80_4DC\Out\Obj\src_11402506208097374115.dir\gx_display_driver_16bpp_pixel_write.o
#        D:\Embedded\Projects\OpenSource\MC80\MC80_4DC\Out\Obj\src_11402506208097374115.dir\gx_display_driver_16bpp_pixelmap_blend.o
#        D:\Embedded\Projects\OpenSource\MC80\MC80_4DC\Out\Obj\src_11402506208097374115.dir\gx_display_driver_16bpp_pixelmap_draw.o
#        D:\Embedded\Projects\OpenSource\MC80\MC80_4DC\Out\Obj\src_11402506208097374115.dir\gx_display_driver_16bpp_pixelmap_rotate.o
#        D:\Embedded\Projects\OpenSource\MC80\MC80_4DC\Out\Obj\src_11402506208097374115.dir\gx_display_driver_16bpp_rotated_block_move.o
#        D:\Embedded\Projects\OpenSource\MC80\MC80_4DC\Out\Obj\src_11402506208097374115.dir\gx_display_driver_16bpp_rotated_canvas_copy.o
#        D:\Embedded\Projects\OpenSource\MC80\MC80_4DC\Out\Obj\src_11402506208097374115.dir\gx_display_driver_16bpp_rotated_horizontal_line_draw.o
#        D:\Embedded\Projects\OpenSource\MC80\MC80_4DC\Out\Obj\src_11402506208097374115.dir\gx_display_driver_16bpp_rotated_horizontal_pattern_line_draw.o
#        D:\Embedded\Projects\OpenSource\MC80\MC80_4DC\Out\Obj\src_11402506208097374115.dir\gx_display_driver_16bpp_rotated_pixel_write.o
#        D:\Embedded\Projects\OpenSource\MC80\MC80_4DC\Out\Obj\src_11402506208097374115.dir\gx_display_driver_16bpp_rotated_pixelmap_blend.o
#        D:\Embedded\Projects\OpenSource\MC80\MC80_4DC\Out\Obj\src_11402506208097374115.dir\gx_display_driver_16bpp_rotated_pixelmap_draw.o
#        D:\Embedded\Projects\OpenSource\MC80\MC80_4DC\Out\Obj\src_11402506208097374115.dir\gx_display_driver_16bpp_rotated_pixelmap_rotate.o
#        D:\Embedded\Projects\OpenSource\MC80\MC80_4DC\Out\Obj\src_11402506208097374115.dir\gx_display_driver_16bpp_rotated_simple_line_draw.o
#        D:\Embedded\Projects\OpenSource\MC80\MC80_4DC\Out\Obj\src_11402506208097374115.dir\gx_display_driver_16bpp_rotated_vertical_line_draw.o
#        D:\Embedded\Projects\OpenSource\MC80\MC80_4DC\Out\Obj\src_11402506208097374115.dir\gx_display_driver_16bpp_rotated_vertical_pattern_line_draw.o
#        D:\Embedded\Projects\OpenSource\MC80\MC80_4DC\Out\Obj\src_11402506208097374115.dir\gx_display_driver_16bpp_row_pitch_get.o
#        D:\Embedded\Projects\OpenSource\MC80\MC80_4DC\Out\Obj\src_11402506208097374115.dir\gx_display_driver_16bpp_simple_line_draw.o
#        D:\Embedded\Projects\OpenSource\MC80\MC80_4DC\Out\Obj\src_11402506208097374115.dir\gx_display_driver_16bpp_vertical_line_draw.o
#        D:\Embedded\Projects\OpenSource\MC80\MC80_4DC\Out\Obj\src_11402506208097374115.dir\gx_display_driver_16bpp_vertical_pattern_line_draw.o
#        D:\Embedded\Projects\OpenSource\MC80\MC80_4DC\Out\Obj\src_11402506208097374115.dir\gx_display_driver_1bpp_block_move.o
#        D:\Embedded\Projects\OpenSource\MC80\MC80_4DC\Out\Obj\src_11402506208097374115.dir\gx_display_driver_1bpp_canvas_copy.o
#        D:\Embedded\Projects\OpenSource\MC80\MC80_4DC\Out\Obj\src_11402506208097374115.dir\gx_display_driver_1bpp_glyph_1bpp_draw.o
#        D:\Embedded\Projects\OpenSource\MC80\MC80_4DC\Out\Obj\src_11402506208097374115.dir\gx_display_driver_1bpp_horizontal_line_draw.o
#        D:\Embedded\Projects\OpenSource\MC80\MC80_4DC\Out\Obj\src_11402506208097374115.dir\gx_display_driver_1bpp_horizontal_pattern_line_draw.o
#        D:\Embedded\Projects\OpenSource\MC80\MC80_4DC\Out\Obj\src_11402506208097374115.dir\gx_display_driver_1bpp_horizontal_pixelmap_line_draw.o
#        D:\Embedded\Projects\OpenSource\MC80\MC80_4DC\Out\Obj\src_11402506208097374115.dir\gx_display_driver_1bpp_mouse_capture.o
#        D:\Embedded\Projects\OpenSource\MC80\MC80_4DC\Out\Obj\src_11402506208097374115.dir\gx_display_driver_1bpp_mouse_restore.o
#        D:\Embedded\Projects\OpenSource\MC80\MC80_4DC\Out\Obj\src_11402506208097374115.dir\gx_display_driver_1bpp_native_color_get.o
#        D:\Embedded\Projects\OpenSource\MC80\MC80_4DC\Out\Obj\src_11402506208097374115.dir\gx_display_driver_1bpp_pixel_write.o
#        D:\Embedded\Projects\OpenSource\MC80\MC80_4DC\Out\Obj\src_11402506208097374115.dir\gx_display_driver_1bpp_pixelmap_draw.o
#        D:\Embedded\Projects\OpenSource\MC80\MC80_4DC\Out\Obj\src_11402506208097374115.dir\gx_display_driver_1bpp_pixelmap_rotate.o
#        D:\Embedded\Projects\OpenSource\MC80\MC80_4DC\Out\Obj\src_11402506208097374115.dir\gx_display_driver_1bpp_row_pitch_get.o
#        D:\Embedded\Projects\OpenSource\MC80\MC80_4DC\Out\Obj\src_11402506208097374115.dir\gx_display_driver_1bpp_simple_line_draw.o
#        D:\Embedded\Projects\OpenSource\MC80\MC80_4DC\Out\Obj\src_11402506208097374115.dir\gx_display_driver_1bpp_vertical_line_draw.o
#        D:\Embedded\Projects\OpenSource\MC80\MC80_4DC\Out\Obj\src_11402506208097374115.dir\gx_display_driver_1bpp_vertical_pattern_line_draw.o
#        D:\Embedded\Projects\OpenSource\MC80\MC80_4DC\Out\Obj\src_11402506208097374115.dir\gx_display_driver_24xrgb_canvas_blend.o
#        D:\Embedded\Projects\OpenSource\MC80\MC80_4DC\Out\Obj\src_11402506208097374115.dir\gx_display_driver_24xrgb_jpeg_draw.o
#        D:\Embedded\Projects\OpenSource\MC80\MC80_4DC\Out\Obj\src_11402506208097374115.dir\gx_display_driver_24xrgb_mouse_capture.o
#        D:\Embedded\Projects\OpenSource\MC80\MC80_4DC\Out\Obj\src_11402506208097374115.dir\gx_display_driver_24xrgb_mouse_restore.o
#        D:\Embedded\Projects\OpenSource\MC80\MC80_4DC\Out\Obj\src_11402506208097374115.dir\gx_display_driver_24xrgb_native_color_get.o
#        D:\Embedded\Projects\OpenSource\MC80\MC80_4DC\Out\Obj\src_11402506208097374115.dir\gx_display_driver_24xrgb_pixel_blend.o
#        D:\Embedded\Projects\OpenSource\MC80\MC80_4DC\Out\Obj\src_11402506208097374115.dir\gx_display_driver_24xrgb_pixelmap_blend.o
#        D:\Embedded\Projects\OpenSource\MC80\MC80_4DC\Out\Obj\src_11402506208097374115.dir\gx_display_driver_24xrgb_png_draw.o
#        D:\Embedded\Projects\OpenSource\MC80\MC80_4DC\Out\Obj\src_11402506208097374115.dir\gx_display_driver_24xrgb_rotated_canvas_blend.o
#        D:\Embedded\Projects\OpenSource\MC80\MC80_4DC\Out\Obj\src_11402506208097374115.dir\gx_display_driver_24xrgb_rotated_jpeg_draw.o
#        D:\Embedded\Projects\OpenSource\MC80\MC80_4DC\Out\Obj\src_11402506208097374115.dir\gx_display_driver_24xrgb_rotated_pixel_blend.o
#        D:\Embedded\Projects\OpenSource\MC80\MC80_4DC\Out\Obj\src_11402506208097374115.dir\gx_display_driver_24xrgb_rotated_png_draw.o
#        D:\Embedded\Projects\OpenSource\MC80\MC80_4DC\Out\Obj\src_11402506208097374115.dir\gx_display_driver_24xrgb_rotated_setup.o
#        D:\Embedded\Projects\OpenSource\MC80\MC80_4DC\Out\Obj\src_11402506208097374115.dir\gx_display_driver_24xrgb_setup.o
#        D:\Embedded\Projects\OpenSource\MC80\MC80_4DC\Out\Obj\src_11402506208097374115.dir\gx_display_driver_32argb_native_color_get.o
#        D:\Embedded\Projects\OpenSource\MC80\MC80_4DC\Out\Obj\src_11402506208097374115.dir\gx_display_driver_32argb_pixel_blend.o
#        D:\Embedded\Projects\OpenSource\MC80\MC80_4DC\Out\Obj\src_11402506208097374115.dir\gx_display_driver_32argb_pixelmap_blend.o
#        D:\Embedded\Projects\OpenSource\MC80\MC80_4DC\Out\Obj\src_11402506208097374115.dir\gx_display_driver_32argb_pixelmap_draw.o
#        D:\Embedded\Projects\OpenSource\MC80\MC80_4DC\Out\Obj\src_11402506208097374115.dir\gx_display_driver_32argb_rotated_pixel_blend.o
#        D:\Embedded\Projects\OpenSource\MC80\MC80_4DC\Out\Obj\src_11402506208097374115.dir\gx_display_driver_32argb_rotated_setup.o
#        D:\Embedded\Projects\OpenSource\MC80\MC80_4DC\Out\Obj\src_11402506208097374115.dir\gx_display_driver_32argb_setup.o
#        D:\Embedded\Projects\OpenSource\MC80\MC80_4DC\Out\Obj\src_11402506208097374115.dir\gx_display_driver_32bpp_block_move.o
#        D:\Embedded\Projects\OpenSource\MC80\MC80_4DC\Out\Obj\src_11402506208097374115.dir\gx_display_driver_32bpp_canvas_copy.o
#        D:\Embedded\Projects\OpenSource\MC80\MC80_4DC\Out\Obj\src_11402506208097374115.dir\gx_display_driver_32bpp_glyph_1bit_draw.o
#        D:\Embedded\Projects\OpenSource\MC80\MC80_4DC\Out\Obj\src_11402506208097374115.dir\gx_display_driver_32bpp_horizontal_line_draw.o
#        D:\Embedded\Projects\OpenSource\MC80\MC80_4DC\Out\Obj\src_11402506208097374115.dir\gx_display_driver_32bpp_horizontal_pattern_line_draw.o
#        D:\Embedded\Projects\OpenSource\MC80\MC80_4DC\Out\Obj\src_11402506208097374115.dir\gx_display_driver_32bpp_horizontal_pixelmap_line_draw.o
#        D:\Embedded\Projects\OpenSource\MC80\MC80_4DC\Out\Obj\src_11402506208097374115.dir\gx_display_driver_32bpp_pixel_write.o
#        D:\Embedded\Projects\OpenSource\MC80\MC80_4DC\Out\Obj\src_11402506208097374115.dir\gx_display_driver_32bpp_pixelmap_draw.o
#        D:\Embedded\Projects\OpenSource\MC80\MC80_4DC\Out\Obj\src_11402506208097374115.dir\gx_display_driver_32bpp_pixelmap_rotate.o
#        D:\Embedded\Projects\OpenSource\MC80\MC80_4DC\Out\Obj\src_11402506208097374115.dir\gx_display_driver_32bpp_rotated_block_move.o
#        D:\Embedded\Projects\OpenSource\MC80\MC80_4DC\Out\Obj\src_11402506208097374115.dir\gx_display_driver_32bpp_rotated_canvas_copy.o
#        D:\Embedded\Projects\OpenSource\MC80\MC80_4DC\Out\Obj\src_11402506208097374115.dir\gx_display_driver_32bpp_rotated_glyph_1bit_draw.o
#        D:\Embedded\Projects\OpenSource\MC80\MC80_4DC\Out\Obj\src_11402506208097374115.dir\gx_display_driver_32bpp_rotated_horizontal_line_draw.o
#        D:\Embedded\Projects\OpenSource\MC80\MC80_4DC\Out\Obj\src_11402506208097374115.dir\gx_display_driver_32bpp_rotated_horizontal_pattern_line_draw.o
#        D:\Embedded\Projects\OpenSource\MC80\MC80_4DC\Out\Obj\src_11402506208097374115.dir\gx_display_driver_32bpp_rotated_horizontal_pixelmap_line_draw.o
#        D:\Embedded\Projects\OpenSource\MC80\MC80_4DC\Out\Obj\src_11402506208097374115.dir\gx_display_driver_32bpp_rotated_pixel_write.o
#        D:\Embedded\Projects\OpenSource\MC80\MC80_4DC\Out\Obj\src_11402506208097374115.dir\gx_display_driver_32bpp_rotated_pixelmap_blend.o
#        D:\Embedded\Projects\OpenSource\MC80\MC80_4DC\Out\Obj\src_11402506208097374115.dir\gx_display_driver_32bpp_rotated_pixelmap_draw.o
#        D:\Embedded\Projects\OpenSource\MC80\MC80_4DC\Out\Obj\src_11402506208097374115.dir\gx_display_driver_32bpp_rotated_pixelmap_rotate.o
#        D:\Embedded\Projects\OpenSource\MC80\MC80_4DC\Out\Obj\src_11402506208097374115.dir\gx_display_driver_32bpp_rotated_simple_line_draw.o
#        D:\Embedded\Projects\OpenSource\MC80\MC80_4DC\Out\Obj\src_11402506208097374115.dir\gx_display_driver_32bpp_rotated_vertical_line_draw.o
#        D:\Embedded\Projects\OpenSource\MC80\MC80_4DC\Out\Obj\src_11402506208097374115.dir\gx_display_driver_32bpp_rotated_vertical_pattern_line_draw.o
#        D:\Embedded\Projects\OpenSource\MC80\MC80_4DC\Out\Obj\src_11402506208097374115.dir\gx_display_driver_32bpp_row_pitch_get.o
#        D:\Embedded\Projects\OpenSource\MC80\MC80_4DC\Out\Obj\src_11402506208097374115.dir\gx_display_driver_32bpp_simple_line_draw.o
#        D:\Embedded\Projects\OpenSource\MC80\MC80_4DC\Out\Obj\src_11402506208097374115.dir\gx_display_driver_32bpp_vertical_line_draw.o
#        D:\Embedded\Projects\OpenSource\MC80\MC80_4DC\Out\Obj\src_11402506208097374115.dir\gx_display_driver_32bpp_vertical_pattern_line_draw.o
#        D:\Embedded\Projects\OpenSource\MC80\MC80_4DC\Out\Obj\src_11402506208097374115.dir\gx_display_driver_332rgb_native_color_get.o
#        D:\Embedded\Projects\OpenSource\MC80\MC80_4DC\Out\Obj\src_11402506208097374115.dir\gx_display_driver_332rgb_pixel_blend.o
#        D:\Embedded\Projects\OpenSource\MC80\MC80_4DC\Out\Obj\src_11402506208097374115.dir\gx_display_driver_332rgb_pixelmap_draw.o
#        D:\Embedded\Projects\OpenSource\MC80\MC80_4DC\Out\Obj\src_11402506208097374115.dir\gx_display_driver_332rgb_pixelmap_rotate.o
#        D:\Embedded\Projects\OpenSource\MC80\MC80_4DC\Out\Obj\src_11402506208097374115.dir\gx_display_driver_332rgb_setup.o
#        D:\Embedded\Projects\OpenSource\MC80\MC80_4DC\Out\Obj\src_11402506208097374115.dir\gx_display_driver_4444argb_canvas_blend.o
#        D:\Embedded\Projects\OpenSource\MC80\MC80_4DC\Out\Obj\src_11402506208097374115.dir\gx_display_driver_4444argb_horizontal_pixelmap_line_draw.o
#        D:\Embedded\Projects\OpenSource\MC80\MC80_4DC\Out\Obj\src_11402506208097374115.dir\gx_display_driver_4444argb_native_color_get.o
#        D:\Embedded\Projects\OpenSource\MC80\MC80_4DC\Out\Obj\src_11402506208097374115.dir\gx_display_driver_4444argb_pixel_blend.o
#        D:\Embedded\Projects\OpenSource\MC80\MC80_4DC\Out\Obj\src_11402506208097374115.dir\gx_display_driver_4444argb_pixelmap_draw.o
#        D:\Embedded\Projects\OpenSource\MC80\MC80_4DC\Out\Obj\src_11402506208097374115.dir\gx_display_driver_4444argb_pixelmap_rotate.o
#        D:\Embedded\Projects\OpenSource\MC80\MC80_4DC\Out\Obj\src_11402506208097374115.dir\gx_display_driver_4444argb_setup.o
#        D:\Embedded\Projects\OpenSource\MC80\MC80_4DC\Out\Obj\src_11402506208097374115.dir\gx_display_driver_4bpp_block_move.o
#        D:\Embedded\Projects\OpenSource\MC80\MC80_4DC\Out\Obj\src_11402506208097374115.dir\gx_display_driver_4bpp_canvas_copy.o
#        D:\Embedded\Projects\OpenSource\MC80\MC80_4DC\Out\Obj\src_11402506208097374115.dir\gx_display_driver_4bpp_glyph_1bit_draw.o
#        D:\Embedded\Projects\OpenSource\MC80\MC80_4DC\Out\Obj\src_11402506208097374115.dir\gx_display_driver_4bpp_glyph_4bit_draw.o
#        D:\Embedded\Projects\OpenSource\MC80\MC80_4DC\Out\Obj\src_11402506208097374115.dir\gx_display_driver_4bpp_grayscale_setup.o
#        D:\Embedded\Projects\OpenSource\MC80\MC80_4DC\Out\Obj\src_11402506208097374115.dir\gx_display_driver_4bpp_horizontal_line_draw.o
#        D:\Embedded\Projects\OpenSource\MC80\MC80_4DC\Out\Obj\src_11402506208097374115.dir\gx_display_driver_4bpp_horizontal_pattern_line_draw.o
#        D:\Embedded\Projects\OpenSource\MC80\MC80_4DC\Out\Obj\src_11402506208097374115.dir\gx_display_driver_4bpp_horizontal_pixelmap_line_draw.o
#        D:\Embedded\Projects\OpenSource\MC80\MC80_4DC\Out\Obj\src_11402506208097374115.dir\gx_display_driver_4bpp_mouse_capture.o
#        D:\Embedded\Projects\OpenSource\MC80\MC80_4DC\Out\Obj\src_11402506208097374115.dir\gx_display_driver_4bpp_mouse_restore.o
#        D:\Embedded\Projects\OpenSource\MC80\MC80_4DC\Out\Obj\src_11402506208097374115.dir\gx_display_driver_4bpp_native_color_get.o
#        D:\Embedded\Projects\OpenSource\MC80\MC80_4DC\Out\Obj\src_11402506208097374115.dir\gx_display_driver_4bpp_pixel_write.o
#        D:\Embedded\Projects\OpenSource\MC80\MC80_4DC\Out\Obj\src_11402506208097374115.dir\gx_display_driver_4bpp_pixelmap_draw.o
#        D:\Embedded\Projects\OpenSource\MC80\MC80_4DC\Out\Obj\src_11402506208097374115.dir\gx_display_driver_4bpp_pixelmap_rotate.o
#        D:\Embedded\Projects\OpenSource\MC80\MC80_4DC\Out\Obj\src_11402506208097374115.dir\gx_display_driver_4bpp_row_pitch_get.o
#        D:\Embedded\Projects\OpenSource\MC80\MC80_4DC\Out\Obj\src_11402506208097374115.dir\gx_display_driver_4bpp_simple_line_draw.o
#        D:\Embedded\Projects\OpenSource\MC80\MC80_4DC\Out\Obj\src_11402506208097374115.dir\gx_display_driver_4bpp_vertical_line_draw.o
#        D:\Embedded\Projects\OpenSource\MC80\MC80_4DC\Out\Obj\src_11402506208097374115.dir\gx_display_driver_4bpp_vertical_pattern_line_draw.o
#        D:\Embedded\Projects\OpenSource\MC80\MC80_4DC\Out\Obj\src_11402506208097374115.dir\gx_display_driver_565rgb_canvas_blend.o
#        D:\Embedded\Projects\OpenSource\MC80\MC80_4DC\Out\Obj\src_11402506208097374115.dir\gx_display_driver_565rgb_glyph_1bit_draw.o
#        D:\Embedded\Projects\OpenSource\MC80\MC80_4DC\Out\Obj\src_11402506208097374115.dir\gx_display_driver_565rgb_horizontal_pixelmap_line_draw.o
#        D:\Embedded\Projects\OpenSource\MC80\MC80_4DC\Out\Obj\src_11402506208097374115.dir\gx_display_driver_565rgb_jpeg_draw.o
#        D:\Embedded\Projects\OpenSource\MC80\MC80_4DC\Out\Obj\src_11402506208097374115.dir\gx_display_driver_565rgb_native_color_get.o
#        D:\Embedded\Projects\OpenSource\MC80\MC80_4DC\Out\Obj\src_11402506208097374115.dir\gx_display_driver_565rgb_pixel_blend.o
#        D:\Embedded\Projects\OpenSource\MC80\MC80_4DC\Out\Obj\src_11402506208097374115.dir\gx_display_driver_565rgb_png_draw.o
#        D:\Embedded\Projects\OpenSource\MC80\MC80_4DC\Out\Obj\src_11402506208097374115.dir\gx_display_driver_565rgb_rotated_canvas_blend.o
#        D:\Embedded\Projects\OpenSource\MC80\MC80_4DC\Out\Obj\src_11402506208097374115.dir\gx_display_driver_565rgb_rotated_glyph_1bit_draw.o
#        D:\Embedded\Projects\OpenSource\MC80\MC80_4DC\Out\Obj\src_11402506208097374115.dir\gx_display_driver_565rgb_rotated_horizontal_pixelmap_line_draw.o
#        D:\Embedded\Projects\OpenSource\MC80\MC80_4DC\Out\Obj\src_11402506208097374115.dir\gx_display_driver_565rgb_rotated_jpeg_draw.o
#        D:\Embedded\Projects\OpenSource\MC80\MC80_4DC\Out\Obj\src_11402506208097374115.dir\gx_display_driver_565rgb_rotated_pixel_blend.o
#        D:\Embedded\Projects\OpenSource\MC80\MC80_4DC\Out\Obj\src_11402506208097374115.dir\gx_display_driver_565rgb_rotated_png_draw.o
#        D:\Embedded\Projects\OpenSource\MC80\MC80_4DC\Out\Obj\src_11402506208097374115.dir\gx_display_driver_565rgb_rotated_setup.o
#        D:\Embedded\Projects\OpenSource\MC80\MC80_4DC\Out\Obj\src_11402506208097374115.dir\gx_display_driver_565rgb_setup.o
#        D:\Embedded\Projects\OpenSource\MC80\MC80_4DC\Out\Obj\src_11402506208097374115.dir\gx_display_driver_8bit_palette_native_color_get.o
#        D:\Embedded\Projects\OpenSource\MC80\MC80_4DC\Out\Obj\src_11402506208097374115.dir\gx_display_driver_8bit_palette_rotated_setup.o
#        D:\Embedded\Projects\OpenSource\MC80\MC80_4DC\Out\Obj\src_11402506208097374115.dir\gx_display_driver_8bit_palette_setup.o
#        D:\Embedded\Projects\OpenSource\MC80\MC80_4DC\Out\Obj\src_11402506208097374115.dir\gx_display_driver_8bpp_block_move.o
#        D:\Embedded\Projects\OpenSource\MC80\MC80_4DC\Out\Obj\src_11402506208097374115.dir\gx_display_driver_8bpp_canvas_copy.o
#        D:\Embedded\Projects\OpenSource\MC80\MC80_4DC\Out\Obj\src_11402506208097374115.dir\gx_display_driver_8bpp_glyph_1bit_draw.o
#        D:\Embedded\Projects\OpenSource\MC80\MC80_4DC\Out\Obj\src_11402506208097374115.dir\gx_display_driver_8bpp_glyph_3bit_draw.o
#        D:\Embedded\Projects\OpenSource\MC80\MC80_4DC\Out\Obj\src_11402506208097374115.dir\gx_display_driver_8bpp_glyph_4bit_draw.o
#        D:\Embedded\Projects\OpenSource\MC80\MC80_4DC\Out\Obj\src_11402506208097374115.dir\gx_display_driver_8bpp_horizontal_line_draw.o
#        D:\Embedded\Projects\OpenSource\MC80\MC80_4DC\Out\Obj\src_11402506208097374115.dir\gx_display_driver_8bpp_horizontal_pattern_line_draw.o
#        D:\Embedded\Projects\OpenSource\MC80\MC80_4DC\Out\Obj\src_11402506208097374115.dir\gx_display_driver_8bpp_horizontal_pixelmap_line_draw.o
#        D:\Embedded\Projects\OpenSource\MC80\MC80_4DC\Out\Obj\src_11402506208097374115.dir\gx_display_driver_8bpp_mouse_capture.o
#        D:\Embedded\Projects\OpenSource\MC80\MC80_4DC\Out\Obj\src_11402506208097374115.dir\gx_display_driver_8bpp_mouse_restore.o
#        D:\Embedded\Projects\OpenSource\MC80\MC80_4DC\Out\Obj\src_11402506208097374115.dir\gx_display_driver_8bpp_pixel_write.o
#        D:\Embedded\Projects\OpenSource\MC80\MC80_4DC\Out\Obj\src_11402506208097374115.dir\gx_display_driver_8bpp_pixelmap_blend.o
#        D:\Embedded\Projects\OpenSource\MC80\MC80_4DC\Out\Obj\src_11402506208097374115.dir\gx_display_driver_8bpp_pixelmap_draw.o
#        D:\Embedded\Projects\OpenSource\MC80\MC80_4DC\Out\Obj\src_11402506208097374115.dir\gx_display_driver_8bpp_pixelmap_rotate.o
#        D:\Embedded\Projects\OpenSource\MC80\MC80_4DC\Out\Obj\src_11402506208097374115.dir\gx_display_driver_8bpp_rotated_block_move.o
#        D:\Embedded\Projects\OpenSource\MC80\MC80_4DC\Out\Obj\src_11402506208097374115.dir\gx_display_driver_8bpp_rotated_canvas_copy.o
#        D:\Embedded\Projects\OpenSource\MC80\MC80_4DC\Out\Obj\src_11402506208097374115.dir\gx_display_driver_8bpp_rotated_glyph_1bit_draw.o
#        D:\Embedded\Projects\OpenSource\MC80\MC80_4DC\Out\Obj\src_11402506208097374115.dir\gx_display_driver_8bpp_rotated_glyph_3bit_draw.o
#        D:\Embedded\Projects\OpenSource\MC80\MC80_4DC\Out\Obj\src_11402506208097374115.dir\gx_display_driver_8bpp_rotated_glyph_4bit_draw.o
#        D:\Embedded\Projects\OpenSource\MC80\MC80_4DC\Out\Obj\src_11402506208097374115.dir\gx_display_driver_8bpp_rotated_horizontal_line_draw.o
#        D:\Embedded\Projects\OpenSource\MC80\MC80_4DC\Out\Obj\src_11402506208097374115.dir\gx_display_driver_8bpp_rotated_horizontal_pattern_line_draw.o
#        D:\Embedded\Projects\OpenSource\MC80\MC80_4DC\Out\Obj\src_11402506208097374115.dir\gx_display_driver_8bpp_rotated_horizontal_pixelmap_line_draw.o
#        D:\Embedded\Projects\OpenSource\MC80\MC80_4DC\Out\Obj\src_11402506208097374115.dir\gx_display_driver_8bpp_rotated_pixel_write.o
#        D:\Embedded\Projects\OpenSource\MC80\MC80_4DC\Out\Obj\src_11402506208097374115.dir\gx_display_driver_8bpp_rotated_pixelmap_draw.o
#        D:\Embedded\Projects\OpenSource\MC80\MC80_4DC\Out\Obj\src_11402506208097374115.dir\gx_display_driver_8bpp_rotated_pixelmap_rotate.o
#        D:\Embedded\Projects\OpenSource\MC80\MC80_4DC\Out\Obj\src_11402506208097374115.dir\gx_display_driver_8bpp_rotated_simple_line_draw.o
#        D:\Embedded\Projects\OpenSource\MC80\MC80_4DC\Out\Obj\src_11402506208097374115.dir\gx_display_driver_8bpp_rotated_vertical_line_draw.o
#        D:\Embedded\Projects\OpenSource\MC80\MC80_4DC\Out\Obj\src_11402506208097374115.dir\gx_display_driver_8bpp_rotated_vertical_pattern_line_draw.o
#        D:\Embedded\Projects\OpenSource\MC80\MC80_4DC\Out\Obj\src_11402506208097374115.dir\gx_display_driver_8bpp_row_pitch_get.o
#        D:\Embedded\Projects\OpenSource\MC80\MC80_4DC\Out\Obj\src_11402506208097374115.dir\gx_display_driver_8bpp_simple_line_draw.o
#        D:\Embedded\Projects\OpenSource\MC80\MC80_4DC\Out\Obj\src_11402506208097374115.dir\gx_display_driver_8bpp_vertical_line_draw.o
#        D:\Embedded\Projects\OpenSource\MC80\MC80_4DC\Out\Obj\src_11402506208097374115.dir\gx_display_driver_8bpp_vertical_pattern_line_draw.o
#        D:\Embedded\Projects\OpenSource\MC80\MC80_4DC\Out\Obj\src_11402506208097374115.dir\gx_display_driver_arc_clipping_get.o
#        D:\Embedded\Projects\OpenSource\MC80\MC80_4DC\Out\Obj\src_11402506208097374115.dir\gx_display_driver_generic_aliased_arc_draw.o
#        D:\Embedded\Projects\OpenSource\MC80\MC80_4DC\Out\Obj\src_11402506208097374115.dir\gx_display_driver_generic_aliased_circle_draw.o
#        D:\Embedded\Projects\OpenSource\MC80\MC80_4DC\Out\Obj\src_11402506208097374115.dir\gx_display_driver_generic_aliased_ellipse_draw.o
#        D:\Embedded\Projects\OpenSource\MC80\MC80_4DC\Out\Obj\src_11402506208097374115.dir\gx_display_driver_generic_aliased_filled_circle_draw.o
#        D:\Embedded\Projects\OpenSource\MC80\MC80_4DC\Out\Obj\src_11402506208097374115.dir\gx_display_driver_generic_aliased_fixed_point_line_draw.o
#        D:\Embedded\Projects\OpenSource\MC80\MC80_4DC\Out\Obj\src_11402506208097374115.dir\gx_display_driver_generic_aliased_line_draw.o
#        D:\Embedded\Projects\OpenSource\MC80\MC80_4DC\Out\Obj\src_11402506208097374115.dir\gx_display_driver_generic_aliased_wide_arc_draw.o
#        D:\Embedded\Projects\OpenSource\MC80\MC80_4DC\Out\Obj\src_11402506208097374115.dir\gx_display_driver_generic_aliased_wide_circle_draw.o
#        D:\Embedded\Projects\OpenSource\MC80\MC80_4DC\Out\Obj\src_11402506208097374115.dir\gx_display_driver_generic_aliased_wide_ellipse_draw.o
#        D:\Embedded\Projects\OpenSource\MC80\MC80_4DC\Out\Obj\src_11402506208097374115.dir\gx_display_driver_generic_aliased_wide_line_draw.o
#        D:\Embedded\Projects\OpenSource\MC80\MC80_4DC\Out\Obj\src_11402506208097374115.dir\gx_display_driver_generic_alphamap_draw.o
#        D:\Embedded\Projects\OpenSource\MC80\MC80_4DC\Out\Obj\src_11402506208097374115.dir\gx_display_driver_generic_arc_draw.o
#        D:\Embedded\Projects\OpenSource\MC80\MC80_4DC\Out\Obj\src_11402506208097374115.dir\gx_display_driver_generic_arc_fill.o
#        D:\Embedded\Projects\OpenSource\MC80\MC80_4DC\Out\Obj\src_11402506208097374115.dir\gx_display_driver_generic_circle_draw.o
#        D:\Embedded\Projects\OpenSource\MC80\MC80_4DC\Out\Obj\src_11402506208097374115.dir\gx_display_driver_generic_circle_fill.o
#        D:\Embedded\Projects\OpenSource\MC80\MC80_4DC\Out\Obj\src_11402506208097374115.dir\gx_display_driver_generic_drawing_complete.o
#        D:\Embedded\Projects\OpenSource\MC80\MC80_4DC\Out\Obj\src_11402506208097374115.dir\gx_display_driver_generic_drawing_initiate.o
#        D:\Embedded\Projects\OpenSource\MC80\MC80_4DC\Out\Obj\src_11402506208097374115.dir\gx_display_driver_generic_ellipse_draw.o
#        D:\Embedded\Projects\OpenSource\MC80\MC80_4DC\Out\Obj\src_11402506208097374115.dir\gx_display_driver_generic_ellipse_fill.o
#        D:\Embedded\Projects\OpenSource\MC80\MC80_4DC\Out\Obj\src_11402506208097374115.dir\gx_display_driver_generic_filled_circle_draw.o
#        D:\Embedded\Projects\OpenSource\MC80\MC80_4DC\Out\Obj\src_11402506208097374115.dir\gx_display_driver_generic_glyph_4bpp_draw.o
#        D:\Embedded\Projects\OpenSource\MC80\MC80_4DC\Out\Obj\src_11402506208097374115.dir\gx_display_driver_generic_glyph_8bpp_draw.o
#        D:\Embedded\Projects\OpenSource\MC80\MC80_4DC\Out\Obj\src_11402506208097374115.dir\gx_display_driver_generic_mouse_cursor_define.o
#        D:\Embedded\Projects\OpenSource\MC80\MC80_4DC\Out\Obj\src_11402506208097374115.dir\gx_display_driver_generic_mouse_draw.o
#        D:\Embedded\Projects\OpenSource\MC80\MC80_4DC\Out\Obj\src_11402506208097374115.dir\gx_display_driver_generic_mouse_enable.o
#        D:\Embedded\Projects\OpenSource\MC80\MC80_4DC\Out\Obj\src_11402506208097374115.dir\gx_display_driver_generic_mouse_position_set.o
#        D:\Embedded\Projects\OpenSource\MC80\MC80_4DC\Out\Obj\src_11402506208097374115.dir\gx_display_driver_generic_pie_fill.o
#        D:\Embedded\Projects\OpenSource\MC80\MC80_4DC\Out\Obj\src_11402506208097374115.dir\gx_display_driver_generic_polygon_draw.o
#        D:\Embedded\Projects\OpenSource\MC80\MC80_4DC\Out\Obj\src_11402506208097374115.dir\gx_display_driver_generic_polygon_fill.o
#        D:\Embedded\Projects\OpenSource\MC80\MC80_4DC\Out\Obj\src_11402506208097374115.dir\gx_display_driver_generic_rotated_alphamap_draw.o
#        D:\Embedded\Projects\OpenSource\MC80\MC80_4DC\Out\Obj\src_11402506208097374115.dir\gx_display_driver_generic_rotated_arc_fill.o
#        D:\Embedded\Projects\OpenSource\MC80\MC80_4DC\Out\Obj\src_11402506208097374115.dir\gx_display_driver_generic_rotated_circle_fill.o
#        D:\Embedded\Projects\OpenSource\MC80\MC80_4DC\Out\Obj\src_11402506208097374115.dir\gx_display_driver_generic_rotated_ellipse_fill.o
#        D:\Embedded\Projects\OpenSource\MC80\MC80_4DC\Out\Obj\src_11402506208097374115.dir\gx_display_driver_generic_rotated_glyph_4bit_draw.o
#        D:\Embedded\Projects\OpenSource\MC80\MC80_4DC\Out\Obj\src_11402506208097374115.dir\gx_display_driver_generic_rotated_glyph_8bit_draw.o
#        D:\Embedded\Projects\OpenSource\MC80\MC80_4DC\Out\Obj\src_11402506208097374115.dir\gx_display_driver_generic_rotated_pie_fill.o
#        D:\Embedded\Projects\OpenSource\MC80\MC80_4DC\Out\Obj\src_11402506208097374115.dir\gx_display_driver_generic_rotated_polygon_fill.o
#        D:\Embedded\Projects\OpenSource\MC80\MC80_4DC\Out\Obj\src_11402506208097374115.dir\gx_display_driver_generic_rotated_wide_line_fill.o
#        D:\Embedded\Projects\OpenSource\MC80\MC80_4DC\Out\Obj\src_11402506208097374115.dir\gx_display_driver_generic_simple_pie_fill.o
#        D:\Embedded\Projects\OpenSource\MC80\MC80_4DC\Out\Obj\src_11402506208097374115.dir\gx_display_driver_generic_simple_wide_line_draw.o
#        D:\Embedded\Projects\OpenSource\MC80\MC80_4DC\Out\Obj\src_11402506208097374115.dir\gx_display_driver_generic_wide_arc_draw.o
#        D:\Embedded\Projects\OpenSource\MC80\MC80_4DC\Out\Obj\src_11402506208097374115.dir\gx_display_driver_generic_wide_circle_draw.o
#        D:\Embedded\Projects\OpenSource\MC80\MC80_4DC\Out\Obj\src_11402506208097374115.dir\gx_display_driver_generic_wide_ellipse_draw.o
#        D:\Embedded\Projects\OpenSource\MC80\MC80_4DC\Out\Obj\src_11402506208097374115.dir\gx_display_driver_generic_wide_line_fill.o
#        D:\Embedded\Projects\OpenSource\MC80\MC80_4DC\Out\Obj\src_11402506208097374115.dir\gx_display_driver_generic_wide_line_points_calculate.o
#        D:\Embedded\Projects\OpenSource\MC80\MC80_4DC\Out\Obj\src_11402506208097374115.dir\gx_display_driver_horizontal_line_alpha_draw.o
#        D:\Embedded\Projects\OpenSource\MC80\MC80_4DC\Out\Obj\src_11402506208097374115.dir\gx_display_driver_monochrome_setup.o
#        D:\Embedded\Projects\OpenSource\MC80\MC80_4DC\Out\Obj\src_11402506208097374115.dir\gx_display_driver_simple_line_alpha_draw.o
#        D:\Embedded\Projects\OpenSource\MC80\MC80_4DC\Out\Obj\src_11402506208097374115.dir\gx_display_driver_vertical_line_alpha_draw.o
#        D:\Embedded\Projects\OpenSource\MC80\MC80_4DC\Out\Obj\src_11402506208097374115.dir\gx_display_font_table_set.o
#        D:\Embedded\Projects\OpenSource\MC80\MC80_4DC\Out\Obj\src_11402506208097374115.dir\gx_display_language_table_get.o
#        D:\Embedded\Projects\OpenSource\MC80\MC80_4DC\Out\Obj\src_11402506208097374115.dir\gx_display_language_table_set.o
#        D:\Embedded\Projects\OpenSource\MC80\MC80_4DC\Out\Obj\src_11402506208097374115.dir\gx_display_pixelmap_table_set.o
#        D:\Embedded\Projects\OpenSource\MC80\MC80_4DC\Out\Obj\src_11402506208097374115.dir\gx_display_string_get.o
#        D:\Embedded\Projects\OpenSource\MC80\MC80_4DC\Out\Obj\src_11402506208097374115.dir\gx_display_string_table_get.o
#        D:\Embedded\Projects\OpenSource\MC80\MC80_4DC\Out\Obj\src_11402506208097374115.dir\gx_display_theme_install.o
#        D:\Embedded\Projects\OpenSource\MC80\MC80_4DC\Out\Obj\src_11402506208097374115.dir\gx_drop_list_background_draw.o
#        D:\Embedded\Projects\OpenSource\MC80\MC80_4DC\Out\Obj\src_11402506208097374115.dir\gx_drop_list_close.o
#        D:\Embedded\Projects\OpenSource\MC80\MC80_4DC\Out\Obj\src_11402506208097374115.dir\gx_drop_list_create.o
#        D:\Embedded\Projects\OpenSource\MC80\MC80_4DC\Out\Obj\src_11402506208097374115.dir\gx_drop_list_draw.o
#        D:\Embedded\Projects\OpenSource\MC80\MC80_4DC\Out\Obj\src_11402506208097374115.dir\gx_drop_list_event_process.o
#        D:\Embedded\Projects\OpenSource\MC80\MC80_4DC\Out\Obj\src_11402506208097374115.dir\gx_drop_list_open.o
#        D:\Embedded\Projects\OpenSource\MC80\MC80_4DC\Out\Obj\src_11402506208097374115.dir\gx_drop_list_pixelmap_set.o
#        D:\Embedded\Projects\OpenSource\MC80\MC80_4DC\Out\Obj\src_11402506208097374115.dir\gx_drop_list_popup_get.o
#        D:\Embedded\Projects\OpenSource\MC80\MC80_4DC\Out\Obj\src_11402506208097374115.dir\gx_generic_scroll_wheel_children_position.o
#        D:\Embedded\Projects\OpenSource\MC80\MC80_4DC\Out\Obj\src_11402506208097374115.dir\gx_generic_scroll_wheel_create.o
#        D:\Embedded\Projects\OpenSource\MC80\MC80_4DC\Out\Obj\src_11402506208097374115.dir\gx_generic_scroll_wheel_down_wrap.o
#        D:\Embedded\Projects\OpenSource\MC80\MC80_4DC\Out\Obj\src_11402506208097374115.dir\gx_generic_scroll_wheel_draw.o
#        D:\Embedded\Projects\OpenSource\MC80\MC80_4DC\Out\Obj\src_11402506208097374115.dir\gx_generic_scroll_wheel_event_process.o
#        D:\Embedded\Projects\OpenSource\MC80\MC80_4DC\Out\Obj\src_11402506208097374115.dir\gx_generic_scroll_wheel_row_height_set.o
[...]
usb_peri_class_request_rwds
                         0x204'44ef    0x14  Code  Gb  r_usb_pstdrequest.o [31]
usb_peri_class_request_usbx
                         0x204'4399    0x84  Code  Lc  r_usb_pstdrequest.o [31]
usb_peri_class_request_wnss
                         0x204'450b    0x1e  Code  Gb  r_usb_pstdrequest.o [31]
usb_peri_class_request_wss
                         0x204'4545    0x24  Code  Gb  r_usb_pstdrequest.o [31]
usb_peri_configured      0x204'0b0d    0x26  Code  Gb  r_usb_pdriver.o [31]
usb_peri_detach          0x204'0b35    0x82  Code  Gb  r_usb_pdriver.o [31]
usb_peri_devdefault      0x204'0a01    0x9e  Code  Gb  r_usb_pdriver.o [31]
usb_peri_interface       0x204'0c71     0x2  Code  Gb  r_usb_pdriver.o [31]
usb_peri_other_request   0x204'4503     0x8  Code  Gb  r_usb_pstdrequest.o [31]
usb_peri_pipe_info       0x204'0a9f    0x6e  Code  Gb  r_usb_pdriver.o [31]
usb_peri_registration    0x204'0993    0x6c  Code  Gb  r_usb_pdriver.o [31]
usb_peri_resume          0x204'0be9    0x3a  Code  Gb  r_usb_pdriver.o [31]
usb_peri_suspended       0x204'0bb9    0x2e  Code  Gb  r_usb_pdriver.o [31]
usb_peri_usbx_initialize
                         0x203'cc6d    0x14  Code  Gb  rm_usbx_port.o [62]
usb_peri_usbx_initialize_common
                         0x203'cc81    0x12  Code  Lc  rm_usbx_port.o [62]
usb_peri_usbx_initialize_common_complete
                         0x203'cc93     0xc  Code  Lc  rm_usbx_port.o [62]
usb_peri_usbx_initialize_complete
                         0x203'cc9f    0xaa  Code  Gb  rm_usbx_port.o [62]
usb_peri_usbx_remote_wakeup
                         0x203'd01d    0x2c  Code  Gb  rm_usbx_port.o [62]
usb_peri_usbx_to_basic   0x203'cdb9   0x22a  Code  Lc  rm_usbx_port.o [62]
usb_peri_usbx_transfer_complete_cb
                         0x203'cd49    0x6e  Code  Lc  rm_usbx_port.o [62]
usb_pstd_attach_process
                         0x204'35d5    0x14  Code  Gb  r_usb_psignal.o [31]
usb_pstd_bemp_pipe       0x204'3513    0x4c  Code  Gb  r_usb_pintfifo.o [31]
usb_pstd_bemp_pipe_process
                         0x203'fd2f    0xf6  Code  Gb  r_usb_plibusbip.o [31]
usb_pstd_brdy_pipe       0x204'34a1    0x64  Code  Gb  r_usb_pintfifo.o [31]
usb_pstd_brdy_pipe_process
                         0x203'fab3   0x216  Code  Gb  r_usb_plibusbip.o [31]
usb_pstd_buf_to_fifo     0x204'07d7    0x82  Code  Gb  r_usb_pdriver.o [31]
usb_pstd_bus_reset       0x204'3561    0x74  Code  Gb  r_usb_psignal.o [31]
usb_pstd_busreset_function
                         0x204'1ebf     0x2  Code  Gb  r_usb_pstdfunction.o [31]
usb_pstd_chk_configured
                         0x204'10df    0x1e  Code  Gb  r_usb_preg_abs.o [34]
usb_pstd_chk_remote      0x204'071f    0x24  Code  Gb  r_usb_pdriver.o [31]
usb_pstd_chk_vbsts       0x204'1e61    0x5e  Code  Gb  r_usb_pstdfunction.o [31]
usb_pstd_clr_alt         0x204'0547    0x1e  Code  Gb  r_usb_pdriver.o [31]
usb_pstd_clr_eptbl_index
                         0x204'058b    0x28  Code  Gb  r_usb_pdriver.o [31]
usb_pstd_clr_feature0    0x204'3f09     0x2  Code  Lc  r_usb_pstdrequest.o [31]
usb_pstd_clr_feature3    0x204'3f0b   0x16a  Code  Lc  r_usb_pstdrequest.o [31]
usb_pstd_clr_mem         0x204'0565    0x18  Code  Gb  r_usb_pdriver.o [31]
usb_pstd_clr_pipe_reg    0x204'012d    0x3a  Code  Gb  r_usb_plibusbip.o [31]
usb_pstd_clr_pipe_table
                         0x203'ffe5    0x9c  Code  Gb  r_usb_plibusbip.o [31]
usb_pstd_ctrl_end        0x204'0d39    0x7e  Code  Gb  r_usb_pcontrolrw.o [31]
usb_pstd_ctrl_read       0x204'0c75    0x84  Code  Gb  r_usb_pcontrolrw.o [31]
usb_pstd_ctrl_write      0x204'0cf9    0x40  Code  Gb  r_usb_pcontrolrw.o [31]
usb_pstd_data_end        0x203'f93d   0x176  Code  Gb  r_usb_plibusbip.o [31]
usb_pstd_detach_process
                         0x204'35e9    0x9a  Code  Gb  r_usb_psignal.o [31]
usb_pstd_driver_registration
                         0x204'0957    0x3c  Code  Gb  r_usb_pdriver.o [31]
usb_pstd_epadr2pipe      0x203'f2e5    0x6c  Code  Gb  r_usb_plibusbip.o [31]
usb_pstd_fifo_to_buf     0x204'075b    0x7c  Code  Gb  r_usb_pdriver.o [31]
usb_pstd_forced_termination
                         0x204'1377   0x152  Code  Gb  r_usb_preg_abs.o [34]
usb_pstd_get_alternate_num
                         0x204'05c1    0x6a  Code  Gb  r_usb_pdriver.o [31]
usb_pstd_get_configuration1
                         0x204'3e67    0x4a  Code  Lc  r_usb_pstdrequest.o [31]
usb_pstd_get_configuration1::tbl
                        0x2203'a6da     0x2  Data  Lc  r_usb_pstdrequest.o [31]
usb_pstd_get_current_power
                         0x204'0743    0x18  Code  Gb  r_usb_pdriver.o [31]
usb_pstd_get_descriptor1
                         0x204'3ba1   0x2c6  Code  Lc  r_usb_pstdrequest.o [31]
usb_pstd_get_interface1
                         0x204'3eb1    0x58  Code  Lc  r_usb_pstdrequest.o [31]
usb_pstd_get_interface1::tbl
                        0x2203'a6dc     0x2  Data  Lc  r_usb_pstdrequest.o [31]
usb_pstd_get_interface_num
                         0x204'05b3     0xe  Code  Gb  r_usb_pdriver.o [31]
usb_pstd_get_pipe_buf_value
                         0x204'023d    0x3c  Code  Gb  r_usb_plibusbip.o [31]
usb_pstd_get_pipe_no     0x204'0175    0xb8  Code  Gb  r_usb_plibusbip.o [31]
usb_pstd_get_status1     0x204'3a63   0x13e  Code  Lc  r_usb_pstdrequest.o [31]
usb_pstd_get_status1::tbl
                        0x2203'a6d8     0x2  Data  Lc  r_usb_pstdrequest.o [31]
usb_pstd_hi_speed_enable
                         0x203'f3a1    0x14  Code  Gb  r_usb_plibusbip.o [31]
usb_pstd_interrupt       0x204'0279   0x1f4  Code  Lc  r_usb_pdriver.o [31]
usb_pstd_interrupt_clock
                         0x204'14c9    0x1c  Code  Gb  r_usb_preg_abs.o [34]
usb_pstd_interrupt_handler
                         0x204'0df1   0x2a8  Code  Gb  r_usb_preg_abs.o [34]
usb_pstd_nrdy_pipe       0x204'3505     0xe  Code  Gb  r_usb_pintfifo.o [31]
usb_pstd_nrdy_pipe_process
                         0x203'fcc9    0x66  Code  Gb  r_usb_plibusbip.o [31]
usb_pstd_pcd_task        0x204'046d    0x62  Code  Gb  r_usb_pdriver.o [31]
usb_pstd_pipe2fport      0x203'f351    0x50  Code  Gb  r_usb_plibusbip.o [31]
usb_pstd_read_data       0x203'f7f5   0x148  Code  Gb  r_usb_plibusbip.o [31]
usb_pstd_read_fifo       0x204'12b7    0xc0  Code  Gb  r_usb_preg_abs.o [34]
usb_pstd_receive_start   0x203'f697   0x15e  Code  Gb  r_usb_plibusbip.o [31]
usb_pstd_remote_wakeup   0x204'10fd    0x4a  Code  Gb  r_usb_preg_abs.o [34]
usb_pstd_resume_process
                         0x204'1187    0x16  Code  Gb  r_usb_preg_abs.o [34]
usb_pstd_save_request    0x204'1099    0x46  Code  Gb  r_usb_preg_abs.o [34]
usb_pstd_self_clock      0x204'14e5    0x1c  Code  Gb  r_usb_preg_abs.o [34]
usb_pstd_send_start      0x203'f3b5   0x17a  Code  Gb  r_usb_plibusbip.o [31]
usb_pstd_set_address0    0x204'41b7     0x2  Code  Lc  r_usb_pstdrequest.o [31]
usb_pstd_set_address3    0x204'41b9    0x40  Code  Lc  r_usb_pstdrequest.o [31]
usb_pstd_set_config_num
                         0x204'057d     0xe  Code  Gb  r_usb_pdriver.o [31]
usb_pstd_set_configuration0
                         0x204'4201    0x42  Code  Lc  r_usb_pstdrequest.o [31]
usb_pstd_set_configuration3
                         0x204'4243    0x9a  Code  Lc  r_usb_pstdrequest.o [31]
usb_pstd_set_descriptor2
                         0x204'41f9     0x8  Code  Lc  r_usb_pstdrequest.o [31]
usb_pstd_set_eptbl_index
                         0x204'062b    0xf4  Code  Gb  r_usb_pdriver.o [31]
usb_pstd_set_feature0    0x204'4075     0x2  Code  Lc  r_usb_pstdrequest.o [31]
usb_pstd_set_feature3    0x204'4077   0x140  Code  Lc  r_usb_pstdrequest.o [31]
usb_pstd_set_feature_function
                         0x204'1e59     0x8  Code  Gb  r_usb_pstdfunction.o [31]
usb_pstd_set_interface0
                         0x204'42e1    0x1c  Code  Lc  r_usb_pstdrequest.o [31]
usb_pstd_set_interface3
                         0x204'42fd    0x8e  Code  Lc  r_usb_pstdrequest.o [31]
usb_pstd_set_pipe_reg    0x204'008d    0xa0  Code  Gb  r_usb_plibusbip.o [31]
usb_pstd_set_pipe_table
                         0x203'fe25   0x1ba  Code  Gb  r_usb_plibusbip.o [31]
usb_pstd_set_stall       0x204'119d    0x12  Code  Gb  r_usb_preg_abs.o [34]
usb_pstd_set_stall_pipe0
                         0x204'11af     0xc  Code  Gb  r_usb_preg_abs.o [34]
usb_pstd_set_submitutr   0x204'04cf    0x78  Code  Gb  r_usb_pdriver.o [31]
usb_pstd_stand_req0      0x204'378d    0x54  Code  Gb  r_usb_pstdrequest.o [31]
usb_pstd_stand_req1      0x204'37e1    0x4e  Code  Gb  r_usb_pstdrequest.o [31]
usb_pstd_stand_req2      0x204'382f    0x1e  Code  Gb  r_usb_pstdrequest.o [31]
usb_pstd_stand_req3      0x204'384d    0xc2  Code  Gb  r_usb_pstdrequest.o [31]
usb_pstd_stand_req4      0x204'390f    0xca  Code  Gb  r_usb_pstdrequest.o [31]
usb_pstd_stand_req5      0x204'39d9    0x8a  Code  Gb  r_usb_pstdrequest.o [31]
usb_pstd_stop_clock      0x204'1501    0x10  Code  Gb  r_usb_preg_abs.o [34]
usb_pstd_suspend_function
                         0x204'1ec1     0x2  Code  Gb  r_usb_pstdfunction.o [31]
usb_pstd_suspend_process
                         0x204'3683    0x5e  Code  Gb  r_usb_psignal.o [31]
usb_pstd_synch_rame1     0x204'4391     0x8  Code  Lc  r_usb_pstdrequest.o [31]
usb_pstd_test_mode       0x204'1147    0x40  Code  Gb  r_usb_preg_abs.o [34]
usb_pstd_transfer_start
                         0x204'0859    0xfe  Code  Gb  r_usb_pdriver.o [31]
usb_pstd_usb_handler     0x204'475d    0x48  Code  Gb  r_usb_pinthandler_usbip0.o [31]
usb_pstd_ux_descriptor_to_basic
                         0x204'1ec3   0x11c  Code  Gb  r_usb_pstdfunction.o [31]
usb_pstd_write_data      0x203'f52f   0x168  Code  Gb  r_usb_plibusbip.o [31]
usb_pstd_write_fifo      0x204'11bb    0xfc  Code  Gb  r_usb_preg_abs.o [34]
usb_rtos_configuration   0x204'17b1   0x14e  Code  Gb  r_usb_cstd_rtos.o [31]
usb_set_event            0x204'2945   0x12e  Code  Gb  r_usb_clibusbip.o [31]
usb_set_event::count    0x2203'a6b6     0x2  Data  Lc  r_usb_clibusbip.o [31]
usb_strings             0x2200'0940    0x18  Data  Lc  USB_init.o [22]
usbd2_cbl               0x2202'35b0   0xb88  Data  Gb  FreeMaster_USB_drv.o [8]
usbd_cbl                0x2203'b6f8   0xd30  Data  Gb  Monitor_USB_drv.o [22]
usbd_fs_framework       0x2203'a5a0     0x4  Data  Lc  USB_init.o [22]
usbfs_d0fifo_handler     0x204'1e3b     0xe  Code  Gb  r_usb_mcu.o [34]
usbfs_d1fifo_handler     0x204'1e49     0xe  Code  Gb  r_usb_mcu.o [34]
usbfs_interrupt_handler
                         0x204'1e09    0x12  Code  Gb  r_usb_mcu.o [34]
usbfs_resume_handler     0x204'1e1b    0x20  Code  Gb  r_usb_mcu.o [34]
usbfs_usbi_isr           0x204'1db9    0x10  Code  Lc  r_usb_mcu.o [34]
utf8_check_first         0x202'b7d3    0x5a  Code  Gb  jansson_utf.o [12]
utf8_check_full          0x202'b82d    0x98  Code  Gb  jansson_utf.o [12]
utf8_check_string        0x202'b911    0x4a  Code  Gb  jansson_utf.o [12]
utf8_encode              0x202'b731    0xa2  Code  Gb  jansson_utf.o [12]
utf8_iterate             0x202'b8c5    0x4c  Code  Gb  jansson_utf.o [12]
ux_device_msc_media_read
                         0x203'd369    0x26  Code  Gb  USB_storage.o [22]
ux_device_msc_media_status
                         0x203'd3c5     0x8  Code  Gb  USB_storage.o [22]
ux_device_msc_media_write
                         0x203'd38f    0x36  Code  Gb  USB_storage.o [22]
ux_system_slave_change_callback
                         0x203'bac9   0x126  Code  Lc  USB_init.o [22]
ux_system_slave_change_callback::__FUNCTION__
                         0x201'096c    0x20  Data  Lc  USB_init.o [22]
vsnprintf                0x201'c9e1    0x3c  Code  Gb  vsnprint.o [79]
vsprintf                 0x203'a935    0x34  Code  Gb  vsprintf.o [79]
vsscanf                  0x202'60b1    0x20  Code  Gb  vsscanf.o [79]
vt100_man_queue         0x2202'79bc    0x54  Data  Gb  Monitor_VT100_manager.o [24]
vt100_man_queue_buf     0x2202'7944    0x78  Data  Gb  Monitor_VT100_manager.o [24]
vt100_manager_thread    0x2202'785c    0xe8  Data  Lc  Monitor_VT100_manager.o [24]
vt100_mutex             0x2202'7720    0x4c  Data  Gb  Monitor_VT100_manager.o [24]
vt100_task_cbls         0x2202'776c    0xf0  Data  Gb  Monitor_VT100_manager.o [24]
whitespace               0x200'2664    0x24  Data  Lc  jansson_dump.o [12]
wvar                    0x2202'735c   0x140  Data  Gb  MC80_Params.o [18]
wvar_inst                0x200'6700    0x18  Data  Gb  MC80_Params.o [18]


[1] = D:\Embedded\Projects\OpenSource\MC80\MC80_4DC\Out\Obj\BSD_17193838190861237127.dir
[2] = D:\Embedded\Projects\OpenSource\MC80\MC80_4DC\Out\Obj\Board_6860201508628333557.dir
[3] = D:\Embedded\Projects\OpenSource\MC80\MC80_4DC\Out\Obj\CAN_17092038130767105546.dir
[4] = D:\Embedded\Projects\OpenSource\MC80\MC80_4DC\Out\Obj\Chip_9605853855409835548.dir
[5] = D:\Embedded\Projects\OpenSource\MC80\MC80_4DC\Out\Obj\Compressors_18182128302871310480.dir
[6] = D:\Embedded\Projects\OpenSource\MC80\MC80_4DC\Out\Obj\DP83620_14056420178843241396.dir
[7] = D:\Embedded\Projects\OpenSource\MC80\MC80_4DC\Out\Obj\FileSystem_4971489472095595954.dir
[8] = D:\Embedded\Projects\OpenSource\MC80\MC80_4DC\Out\Obj\FreeMaster_5044234217007666174.dir
[9] = D:\Embedded\Projects\OpenSource\MC80\MC80_4DC\Out\Obj\GUIX_1927939298368236590.dir
[10] = D:\Embedded\Projects\OpenSource\MC80\MC80_4DC\Out\Obj\HMI_2756831231612468181.dir
[11] = D:\Embedded\Projects\OpenSource\MC80\MC80_4DC\Out\Obj\ICS1894_11766896508832881247.dir
[12] = D:\Embedded\Projects\OpenSource\MC80\MC80_4DC\Out\Obj\JSON_9722201571155850256.dir
[13] = D:\Embedded\Projects\OpenSource\MC80\MC80_4DC\Out\Obj\KSZ8041_3054201058487857750.dir
[14] = D:\Embedded\Projects\OpenSource\MC80\MC80_4DC\Out\Obj\KSZ8091RNB_8552751807252149975.dir
[15] = D:\Embedded\Projects\OpenSource\MC80\MC80_4DC\Out\Obj\LittleFS_3542381073959208852.dir
[16] = D:\Embedded\Projects\OpenSource\MC80\MC80_4DC\Out\Obj\Logger_3115104563848828998.dir
[17] = D:\Embedded\Projects\OpenSource\MC80\MC80_4DC\Out\Obj\NV_store_14353607150232734290.dir
[18] = D:\Embedded\Projects\OpenSource\MC80\MC80_4DC\Out\Obj\Parameters_10017704214368980407.dir
[19] = D:\Embedded\Projects\OpenSource\MC80\MC80_4DC\Out\Obj\SEGGER_RTT_11418839197156537739.dir
[20] = D:\Embedded\Projects\OpenSource\MC80\MC80_4DC\Out\Obj\Screens_9130110369658499386.dir
[21] = D:\Embedded\Projects\OpenSource\MC80\MC80_4DC\Out\Obj\Source_2146932211709631816.dir
[22] = D:\Embedded\Projects\OpenSource\MC80\MC80_4DC\Out\Obj\USB_5821973186694029256.dir
[23] = D:\Embedded\Projects\OpenSource\MC80\MC80_4DC\Out\Obj\Utils_15182727763266825049.dir
[24] = D:\Embedded\Projects\OpenSource\MC80\MC80_4DC\Out\Obj\VT100_6138443966083201184.dir
[25] = D:\Embedded\Projects\OpenSource\MC80\MC80_4DC\Out\Obj\adaptors_13761473597960848870.dir
[26] = D:\Embedded\Projects\OpenSource\MC80\MC80_4DC\Out\Obj\all_4256215350078603468.dir
[27] = D:\Embedded\Projects\OpenSource\MC80\MC80_4DC\Out\Obj\auto_ip_159213972901582568.dir
[28] = D:\Embedded\Projects\OpenSource\MC80\MC80_4DC\Out\Obj\cloud_16538090325703133237.dir
[29] = D:\Embedded\Projects\OpenSource\MC80\MC80_4DC\Out\Obj\dhcp_13375262158415516253.dir
[30] = D:\Embedded\Projects\OpenSource\MC80\MC80_4DC\Out\Obj\dns_14873069723460635967.dir
[31] = D:\Embedded\Projects\OpenSource\MC80\MC80_4DC\Out\Obj\driver_13615048486734833550.dir
[32] = D:\Embedded\Projects\OpenSource\MC80\MC80_4DC\Out\Obj\ftp_9161535594616693422.dir
[33] = D:\Embedded\Projects\OpenSource\MC80\MC80_4DC\Out\Obj\http_16748841206515736184.dir
[34] = D:\Embedded\Projects\OpenSource\MC80\MC80_4DC\Out\Obj\hw_9123973275018442812.dir
[35] = D:\Embedded\Projects\OpenSource\MC80\MC80_4DC\Out\Obj\mqtt_13223905222696730429.dir
[36] = D:\Embedded\Projects\OpenSource\MC80\MC80_4DC\Out\Obj\nat_14472399160469539182.dir
[37] = D:\Embedded\Projects\OpenSource\MC80\MC80_4DC\Out\Obj\pop3_15161451612527147683.dir
[38] = D:\Embedded\Projects\OpenSource\MC80\MC80_4DC\Out\Obj\primitive_258124309614958849.dir
[39] = D:\Embedded\Projects\OpenSource\MC80\MC80_4DC\Out\Obj\r_agt_11249520614166084708.dir
[40] = D:\Embedded\Projects\OpenSource\MC80\MC80_4DC\Out\Obj\r_canfd_8469908877729075049.dir
[41] = D:\Embedded\Projects\OpenSource\MC80\MC80_4DC\Out\Obj\r_dmac_6666910388891765433.dir
[42] = D:\Embedded\Projects\OpenSource\MC80\MC80_4DC\Out\Obj\r_dtc_7050567350349851595.dir
[43] = D:\Embedded\Projects\OpenSource\MC80\MC80_4DC\Out\Obj\r_elc_7196548503400798532.dir
[44] = D:\Embedded\Projects\OpenSource\MC80\MC80_4DC\Out\Obj\r_ether_5440994408278745808.dir
[45] = D:\Embedded\Projects\OpenSource\MC80\MC80_4DC\Out\Obj\r_ether_phy_16672631282058220671.dir
[46] = D:\Embedded\Projects\OpenSource\MC80\MC80_4DC\Out\Obj\r_flash_hp_9983357923050865512.dir
[47] = D:\Embedded\Projects\OpenSource\MC80\MC80_4DC\Out\Obj\r_ioport_15479839139544543080.dir
[48] = D:\Embedded\Projects\OpenSource\MC80\MC80_4DC\Out\Obj\r_ospi_b_4410429420208449051.dir
[49] = D:\Embedded\Projects\OpenSource\MC80\MC80_4DC\Out\Obj\r_rsip_key_injection_16590739780609273005.dir
[50] = D:\Embedded\Projects\OpenSource\MC80\MC80_4DC\Out\Obj\r_rtc_4760071754467382038.dir
[51] = D:\Embedded\Projects\OpenSource\MC80\MC80_4DC\Out\Obj\r_sdhi_17200393394259108533.dir
[52] = D:\Embedded\Projects\OpenSource\MC80\MC80_4DC\Out\Obj\r_spi_b_10856406155088245985.dir
[53] = D:\Embedded\Projects\OpenSource\MC80\MC80_4DC\Out\Obj\r_usb_basic_2167969088290939676.dir
[54] = D:\Embedded\Projects\OpenSource\MC80\MC80_4DC\Out\Obj\ra_gen_3561443231710717549.dir
[55] = D:\Embedded\Projects\OpenSource\MC80\MC80_4DC\Out\Obj\rm_block_media_sdmmc_18135705685510588926.dir
[56] = D:\Embedded\Projects\OpenSource\MC80\MC80_4DC\Out\Obj\rm_filex_block_media_12182847381426120644.dir
[57] = D:\Embedded\Projects\OpenSource\MC80\MC80_4DC\Out\Obj\rm_filex_levelx_nor_8029867850461419540.dir
[58] = D:\Embedded\Projects\OpenSource\MC80\MC80_4DC\Out\Obj\rm_levelx_nor_spi_9174579787844105120.dir
[59] = D:\Embedded\Projects\OpenSource\MC80\MC80_4DC\Out\Obj\rm_netx_secure_crypto_12607433314971335200.dir
[60] = D:\Embedded\Projects\OpenSource\MC80\MC80_4DC\Out\Obj\rm_netxduo_ether_3948692537886098666.dir
[61] = D:\Embedded\Projects\OpenSource\MC80\MC80_4DC\Out\Obj\rm_threadx_port_1525709896645486948.dir
[62] = D:\Embedded\Projects\OpenSource\MC80\MC80_4DC\Out\Obj\rm_usbx_port_8886739415072155772.dir
[63] = D:\Embedded\Projects\OpenSource\MC80\MC80_4DC\Out\Obj\smtp_16748917813590886212.dir
[64] = D:\Embedded\Projects\OpenSource\MC80\MC80_4DC\Out\Obj\snmp_15484260865602396135.dir
[65] = D:\Embedded\Projects\OpenSource\MC80\MC80_4DC\Out\Obj\sntp_14678398925419940127.dir
[66] = D:\Embedded\Projects\OpenSource\MC80\MC80_4DC\Out\Obj\src_11402506208097374115.dir
[67] = D:\Embedded\Projects\OpenSource\MC80\MC80_4DC\Out\Obj\src_16444989315241042455.dir
[68] = D:\Embedded\Projects\OpenSource\MC80\MC80_4DC\Out\Obj\src_17757217070082426728.dir
[69] = D:\Embedded\Projects\OpenSource\MC80\MC80_4DC\Out\Obj\src_17904390355613290932.dir
[70] = D:\Embedded\Projects\OpenSource\MC80\MC80_4DC\Out\Obj\src_2581203877044337686.dir
[71] = D:\Embedded\Projects\OpenSource\MC80\MC80_4DC\Out\Obj\src_3272471728882129326.dir
[72] = D:\Embedded\Projects\OpenSource\MC80\MC80_4DC\Out\Obj\src_6362851399815228639.dir
[73] = D:\Embedded\Projects\OpenSource\MC80\MC80_4DC\Out\Obj\src_7010925713847682524.dir
[74] = D:\Embedded\Projects\OpenSource\MC80\MC80_4DC\Out\Obj\src_9035677807620660841.dir
[75] = D:\Embedded\Projects\OpenSource\MC80\MC80_4DC\Out\Obj\src_9384314413220033049.dir
[76] = D:\Embedded\Projects\OpenSource\MC80\MC80_4DC\Out\Obj\telnet_9104646675838406491.dir
[77] = D:\Embedded\Projects\OpenSource\MC80\MC80_4DC\Out\Obj\tftp_8908847577699749354.dir
[78] = D:\Embedded\Projects\OpenSource\MC80\MC80_4DC\Out\Obj\web_17451108364329363617.dir
[79] = dl7M_tln.a
[80] = m7M_tlv.a
[81] = rt7M_tl.a
[82] = shb_l.a

  249'700 bytes of readonly  code memory
    1'378 bytes of readwrite code memory
   71'902 bytes of readonly  data memory
  259'370 bytes of readwrite data memory

Errors: none
Warnings: none
